Archive member included to satisfy reference by file (symbol)

c:/st/stm32cubeide_1.11.0/stm32cubeide/plugins/com.st.stm32cube.ide.mcu.externaltools.gnu-tools-for-stm32.10.3-2021.10.win32_1.0.100.202210260954/tools/bin/../lib/gcc/arm-none-eabi/10.3.1/../../../../arm-none-eabi/lib/thumb/v7e-m+fp/hard\libc_nano.a(lib_a-errno.o)
                              ./Core/Src/syscalls.o (__errno)
c:/st/stm32cubeide_1.11.0/stm32cubeide/plugins/com.st.stm32cube.ide.mcu.externaltools.gnu-tools-for-stm32.10.3-2021.10.win32_1.0.100.202210260954/tools/bin/../lib/gcc/arm-none-eabi/10.3.1/../../../../arm-none-eabi/lib/thumb/v7e-m+fp/hard\libc_nano.a(lib_a-exit.o)
                              c:/st/stm32cubeide_1.11.0/stm32cubeide/plugins/com.st.stm32cube.ide.mcu.externaltools.gnu-tools-for-stm32.10.3-2021.10.win32_1.0.100.202210260954/tools/bin/../lib/gcc/arm-none-eabi/10.3.1/../../../../arm-none-eabi/lib/thumb/v7e-m+fp/hard/crt0.o (exit)
c:/st/stm32cubeide_1.11.0/stm32cubeide/plugins/com.st.stm32cube.ide.mcu.externaltools.gnu-tools-for-stm32.10.3-2021.10.win32_1.0.100.202210260954/tools/bin/../lib/gcc/arm-none-eabi/10.3.1/../../../../arm-none-eabi/lib/thumb/v7e-m+fp/hard\libc_nano.a(lib_a-impure.o)
                              c:/st/stm32cubeide_1.11.0/stm32cubeide/plugins/com.st.stm32cube.ide.mcu.externaltools.gnu-tools-for-stm32.10.3-2021.10.win32_1.0.100.202210260954/tools/bin/../lib/gcc/arm-none-eabi/10.3.1/../../../../arm-none-eabi/lib/thumb/v7e-m+fp/hard\libc_nano.a(lib_a-exit.o) (_global_impure_ptr)
c:/st/stm32cubeide_1.11.0/stm32cubeide/plugins/com.st.stm32cube.ide.mcu.externaltools.gnu-tools-for-stm32.10.3-2021.10.win32_1.0.100.202210260954/tools/bin/../lib/gcc/arm-none-eabi/10.3.1/../../../../arm-none-eabi/lib/thumb/v7e-m+fp/hard\libc_nano.a(lib_a-init.o)
                              c:/st/stm32cubeide_1.11.0/stm32cubeide/plugins/com.st.stm32cube.ide.mcu.externaltools.gnu-tools-for-stm32.10.3-2021.10.win32_1.0.100.202210260954/tools/bin/../lib/gcc/arm-none-eabi/10.3.1/../../../../arm-none-eabi/lib/thumb/v7e-m+fp/hard/crt0.o (__libc_init_array)
c:/st/stm32cubeide_1.11.0/stm32cubeide/plugins/com.st.stm32cube.ide.mcu.externaltools.gnu-tools-for-stm32.10.3-2021.10.win32_1.0.100.202210260954/tools/bin/../lib/gcc/arm-none-eabi/10.3.1/../../../../arm-none-eabi/lib/thumb/v7e-m+fp/hard\libc_nano.a(lib_a-memset.o)
                              c:/st/stm32cubeide_1.11.0/stm32cubeide/plugins/com.st.stm32cube.ide.mcu.externaltools.gnu-tools-for-stm32.10.3-2021.10.win32_1.0.100.202210260954/tools/bin/../lib/gcc/arm-none-eabi/10.3.1/../../../../arm-none-eabi/lib/thumb/v7e-m+fp/hard/crt0.o (memset)
c:/st/stm32cubeide_1.11.0/stm32cubeide/plugins/com.st.stm32cube.ide.mcu.externaltools.gnu-tools-for-stm32.10.3-2021.10.win32_1.0.100.202210260954/tools/bin/../lib/gcc/arm-none-eabi/10.3.1/thumb/v7e-m+fp/hard\libgcc.a(_aeabi_uldivmod.o)
                              ./Drivers/STM32F4xx_HAL_Driver/Src/stm32f4xx_hal_rcc.o (__aeabi_uldivmod)
c:/st/stm32cubeide_1.11.0/stm32cubeide/plugins/com.st.stm32cube.ide.mcu.externaltools.gnu-tools-for-stm32.10.3-2021.10.win32_1.0.100.202210260954/tools/bin/../lib/gcc/arm-none-eabi/10.3.1/thumb/v7e-m+fp/hard\libgcc.a(_udivmoddi4.o)
                              c:/st/stm32cubeide_1.11.0/stm32cubeide/plugins/com.st.stm32cube.ide.mcu.externaltools.gnu-tools-for-stm32.10.3-2021.10.win32_1.0.100.202210260954/tools/bin/../lib/gcc/arm-none-eabi/10.3.1/thumb/v7e-m+fp/hard\libgcc.a(_aeabi_uldivmod.o) (__udivmoddi4)
c:/st/stm32cubeide_1.11.0/stm32cubeide/plugins/com.st.stm32cube.ide.mcu.externaltools.gnu-tools-for-stm32.10.3-2021.10.win32_1.0.100.202210260954/tools/bin/../lib/gcc/arm-none-eabi/10.3.1/thumb/v7e-m+fp/hard\libgcc.a(_dvmd_tls.o)
                              c:/st/stm32cubeide_1.11.0/stm32cubeide/plugins/com.st.stm32cube.ide.mcu.externaltools.gnu-tools-for-stm32.10.3-2021.10.win32_1.0.100.202210260954/tools/bin/../lib/gcc/arm-none-eabi/10.3.1/thumb/v7e-m+fp/hard\libgcc.a(_aeabi_uldivmod.o) (__aeabi_ldiv0)

Discarded input sections

 .text          0x0000000000000000        0x0 c:/st/stm32cubeide_1.11.0/stm32cubeide/plugins/com.st.stm32cube.ide.mcu.externaltools.gnu-tools-for-stm32.10.3-2021.10.win32_1.0.100.202210260954/tools/bin/../lib/gcc/arm-none-eabi/10.3.1/thumb/v7e-m+fp/hard/crti.o
 .data          0x0000000000000000        0x0 c:/st/stm32cubeide_1.11.0/stm32cubeide/plugins/com.st.stm32cube.ide.mcu.externaltools.gnu-tools-for-stm32.10.3-2021.10.win32_1.0.100.202210260954/tools/bin/../lib/gcc/arm-none-eabi/10.3.1/thumb/v7e-m+fp/hard/crti.o
 .bss           0x0000000000000000        0x0 c:/st/stm32cubeide_1.11.0/stm32cubeide/plugins/com.st.stm32cube.ide.mcu.externaltools.gnu-tools-for-stm32.10.3-2021.10.win32_1.0.100.202210260954/tools/bin/../lib/gcc/arm-none-eabi/10.3.1/thumb/v7e-m+fp/hard/crti.o
[...]
Memory Configuration

Name             Origin             Length             Attributes
RAM              0x0000000020000000 0x0000000000020000 xrw
FLASH            0x0000000008000000 0x0000000000080000 xr
*default*        0x0000000000000000 0xffffffffffffffff

Linker script and memory map

LOAD c:/st/stm32cubeide_1.11.0/stm32cubeide/plugins/com.st.stm32cube.ide.mcu.externaltools.gnu-tools-for-stm32.10.3-2021.10.win32_1.0.100.202210260954/tools/bin/../lib/gcc/arm-none-eabi/10.3.1/thumb/v7e-m+fp/hard/crti.o
LOAD c:/st/stm32cubeide_1.11.0/stm32cubeide/plugins/com.st.stm32cube.ide.mcu.externaltools.gnu-tools-for-stm32.10.3-2021.10.win32_1.0.100.202210260954/tools/bin/../lib/gcc/arm-none-eabi/10.3.1/thumb/v7e-m+fp/hard/crtbegin.o
LOAD c:/st/stm32cubeide_1.11.0/stm32cubeide/plugins/com.st.stm32cube.ide.mcu.externaltools.gnu-tools-for-stm32.10.3-2021.10.win32_1.0.100.202210260954/tools/bin/../lib/gcc/arm-none-eabi/10.3.1/../../../../arm-none-eabi/lib/thumb/v7e-m+fp/hard/crt0.o
LOAD ./Core/Src/button.o
LOAD ./Core/Src/demo.o
LOAD ./Core/Src/display.o
LOAD ./Core/Src/encoder.o
LOAD ./Core/Src/gfx.o
LOAD ./Core/Src/img.o
LOAD ./Core/Src/init.o
LOAD ./Core/Src/led.o
LOAD ./Core/Src/main.o
LOAD ./Core/Src/pot.o
LOAD ./Core/Src/stm32f4xx_hal_msp.o
LOAD ./Core/Src/stm32f4xx_it.o
LOAD ./Core/Src/syscalls.o
LOAD ./Core/Src/sysmem.o
LOAD ./Core/Src/system_stm32f4xx.o
LOAD ./Core/Src/timer.o
LOAD ./Core/Src/ui.o
LOAD ./Core/Startup/startup_stm32f446retx.o
LOAD ./Drivers/STM32F4xx_HAL_Driver/Src/stm32f4xx_hal.o
LOAD ./Drivers/STM32F4xx_HAL_Driver/Src/stm32f4xx_hal_cortex.o
LOAD ./Drivers/STM32F4xx_HAL_Driver/Src/stm32f4xx_hal_dma.o
LOAD ./Drivers/STM32F4xx_HAL_Driver/Src/stm32f4xx_hal_dma_ex.o
LOAD ./Drivers/STM32F4xx_HAL_Driver/Src/stm32f4xx_hal_exti.o
LOAD ./Drivers/STM32F4xx_HAL_Driver/Src/stm32f4xx_hal_flash.o
LOAD ./Drivers/STM32F4xx_HAL_Driver/Src/stm32f4xx_hal_flash_ex.o
LOAD ./Drivers/STM32F4xx_HAL_Driver/Src/stm32f4xx_hal_flash_ramfunc.o
LOAD ./Drivers/STM32F4xx_HAL_Driver/Src/stm32f4xx_hal_gpio.o
LOAD ./Drivers/STM32F4xx_HAL_Driver/Src/stm32f4xx_hal_pwr.o
LOAD ./Drivers/STM32F4xx_HAL_Driver/Src/stm32f4xx_hal_pwr_ex.o
LOAD ./Drivers/STM32F4xx_HAL_Driver/Src/stm32f4xx_hal_rcc.o
LOAD ./Drivers/STM32F4xx_HAL_Driver/Src/stm32f4xx_hal_rcc_ex.o
LOAD ./Drivers/STM32F4xx_HAL_Driver/Src/stm32f4xx_hal_spi.o
LOAD ./Drivers/STM32F4xx_HAL_Driver/Src/stm32f4xx_hal_tim.o
LOAD ./Drivers/STM32F4xx_HAL_Driver/Src/stm32f4xx_hal_tim_ex.o
LOAD ./Drivers/STM32F4xx_HAL_Driver/Src/stm32f4xx_hal_uart.o
START GROUP
LOAD c:/st/stm32cubeide_1.11.0/stm32cubeide/plugins/com.st.stm32cube.ide.mcu.externaltools.gnu-tools-for-stm32.10.3-2021.10.win32_1.0.100.202210260954/tools/bin/../lib/gcc/arm-none-eabi/10.3.1/../../../../arm-none-eabi/lib/thumb/v7e-m+fp/hard\libc_nano.a
LOAD c:/st/stm32cubeide_1.11.0/stm32cubeide/plugins/com.st.stm32cube.ide.mcu.externaltools.gnu-tools-for-stm32.10.3-2021.10.win32_1.0.100.202210260954/tools/bin/../lib/gcc/arm-none-eabi/10.3.1/../../../../arm-none-eabi/lib/thumb/v7e-m+fp/hard\libm.a
END GROUP
START GROUP
LOAD c:/st/stm32cubeide_1.11.0/stm32cubeide/plugins/com.st.stm32cube.ide.mcu.externaltools.gnu-tools-for-stm32.10.3-2021.10.win32_1.0.100.202210260954/tools/bin/../lib/gcc/arm-none-eabi/10.3.1/thumb/v7e-m+fp/hard\libgcc.a
LOAD c:/st/stm32cubeide_1.11.0/stm32cubeide/plugins/com.st.stm32cube.ide.mcu.externaltools.gnu-tools-for-stm32.10.3-2021.10.win32_1.0.100.202210260954/tools/bin/../lib/gcc/arm-none-eabi/10.3.1/../../../../arm-none-eabi/lib/thumb/v7e-m+fp/hard\libc_nano.a
END GROUP
START GROUP
LOAD c:/st/stm32cubeide_1.11.0/stm32cubeide/plugins/com.st.stm32cube.ide.mcu.externaltools.gnu-tools-for-stm32.10.3-2021.10.win32_1.0.100.202210260954/tools/bin/../lib/gcc/arm-none-eabi/10.3.1/thumb/v7e-m+fp/hard\libgcc.a
LOAD c:/st/stm32cubeide_1.11.0/stm32cubeide/plugins/com.st.stm32cube.ide.mcu.externaltools.gnu-tools-for-stm32.10.3-2021.10.win32_1.0.100.202210260954/tools/bin/../lib/gcc/arm-none-eabi/10.3.1/../../../../arm-none-eabi/lib/thumb/v7e-m+fp/hard\libc_nano.a
LOAD c:/st/stm32cubeide_1.11.0/stm32cubeide/plugins/com.st.stm32cube.ide.mcu.externaltools.gnu-tools-for-stm32.10.3-2021.10.win32_1.0.100.202210260954/tools/bin/../lib/gcc/arm-none-eabi/10.3.1/../../../../arm-none-eabi/lib/thumb/v7e-m+fp/hard\libnosys.a
END GROUP
START GROUP
LOAD c:/st/stm32cubeide_1.11.0/stm32cubeide/plugins/com.st.stm32cube.ide.mcu.externaltools.gnu-tools-for-stm32.10.3-2021.10.win32_1.0.100.202210260954/tools/bin/../lib/gcc/arm-none-eabi/10.3.1/thumb/v7e-m+fp/hard\libgcc.a
LOAD c:/st/stm32cubeide_1.11.0/stm32cubeide/plugins/com.st.stm32cube.ide.mcu.externaltools.gnu-tools-for-stm32.10.3-2021.10.win32_1.0.100.202210260954/tools/bin/../lib/gcc/arm-none-eabi/10.3.1/../../../../arm-none-eabi/lib/thumb/v7e-m+fp/hard\libc_nano.a
LOAD c:/st/stm32cubeide_1.11.0/stm32cubeide/plugins/com.st.stm32cube.ide.mcu.externaltools.gnu-tools-for-stm32.10.3-2021.10.win32_1.0.100.202210260954/tools/bin/../lib/gcc/arm-none-eabi/10.3.1/../../../../arm-none-eabi/lib/thumb/v7e-m+fp/hard\libnosys.a
END GROUP
LOAD c:/st/stm32cubeide_1.11.0/stm32cubeide/plugins/com.st.stm32cube.ide.mcu.externaltools.gnu-tools-for-stm32.10.3-2021.10.win32_1.0.100.202210260954/tools/bin/../lib/gcc/arm-none-eabi/10.3.1/thumb/v7e-m+fp/hard/crtend.o
LOAD c:/st/stm32cubeide_1.11.0/stm32cubeide/plugins/com.st.stm32cube.ide.mcu.externaltools.gnu-tools-for-stm32.10.3-2021.10.win32_1.0.100.202210260954/tools/bin/../lib/gcc/arm-none-eabi/10.3.1/thumb/v7e-m+fp/hard/crtn.o
                0x0000000020020000                _estack = (ORIGIN (RAM) + LENGTH (RAM))
                0x0000000000000200                _Min_Heap_Size = 0x200
                0x0000000000000400                _Min_Stack_Size = 0x400

.isr_vector     0x0000000008000000      0x1c4
                0x0000000008000000                . = ALIGN (0x4)
 *(.isr_vector)
 .isr_vector    0x0000000008000000      0x1c4 ./Core/Startup/startup_stm32f446retx.o
                0x0000000008000000                g_pfnVectors
                0x00000000080001c4                . = ALIGN (0x4)

.text           0x00000000080001c4     0x4084
                0x00000000080001c4                . = ALIGN (0x4)
 *(.text)
 .text          0x00000000080001c4       0x40 c:/st/stm32cubeide_1.11.0/stm32cubeide/plugins/com.st.stm32cube.ide.mcu.externaltools.gnu-tools-for-stm32.10.3-2021.10.win32_1.0.100.202210260954/tools/bin/../lib/gcc/arm-none-eabi/10.3.1/thumb/v7e-m+fp/hard/crtbegin.o
 .text          0x0000000008000204       0x30 c:/st/stm32cubeide_1.11.0/stm32cubeide/plugins/com.st.stm32cube.ide.mcu.externaltools.gnu-tools-for-stm32.10.3-2021.10.win32_1.0.100.202210260954/tools/bin/../lib/gcc/arm-none-eabi/10.3.1/thumb/v7e-m+fp/hard\libgcc.a(_aeabi_uldivmod.o)
                0x0000000008000204                __aeabi_uldivmod
 .text          0x0000000008000234      0x2d0 c:/st/stm32cubeide_1.11.0/stm32cubeide/plugins/com.st.stm32cube.ide.mcu.externaltools.gnu-tools-for-stm32.10.3-2021.10.win32_1.0.100.202210260954/tools/bin/../lib/gcc/arm-none-eabi/10.3.1/thumb/v7e-m+fp/hard\libgcc.a(_udivmoddi4.o)
                0x0000000008000234                __udivmoddi4
 .text          0x0000000008000504        0x4 c:/st/stm32cubeide_1.11.0/stm32cubeide/plugins/com.st.stm32cube.ide.mcu.externaltools.gnu-tools-for-stm32.10.3-2021.10.win32_1.0.100.202210260954/tools/bin/../lib/gcc/arm-none-eabi/10.3.1/thumb/v7e-m+fp/hard\libgcc.a(_dvmd_tls.o)
                0x0000000008000504                __aeabi_idiv0
                0x0000000008000504                __aeabi_ldiv0
 *(.text*)
 .text.Button_Init
                0x0000000008000508       0x24 ./Core/Src/button.o
                0x0000000008000508                Button_Init
 .text.Button_PressedHandler
                0x000000000800052c       0x22 ./Core/Src/button.o
 .text.Button_ReleasedHandler
                0x000000000800054e       0x1c ./Core/Src/button.o
 *fill*         0x000000000800056a        0x2 
 .text.Button_Debounce
                0x000000000800056c       0x9c ./Core/Src/button.o
                0x000000000800056c                Button_Debounce
 .text.Display_Init
                0x0000000008000608       0x4e ./Core/Src/display.o
                0x0000000008000608                Display_Init
 *fill*         0x0000000008000656        0x2 
 .text.Display_HWReset
                0x0000000008000658       0x2c ./Core/Src/display.o
                0x0000000008000658                Display_HWReset
 .text.Display_TransmitCmd
                0x0000000008000684       0x44 ./Core/Src/display.o
                0x0000000008000684                Display_TransmitCmd
 .text.Display_TransmitParam
                0x00000000080006c8       0x44 ./Core/Src/display.o
                0x00000000080006c8                Display_TransmitParam
 .text.Display_TransmitCmdParam
                0x000000000800070c       0x28 ./Core/Src/display.o
                0x000000000800070c                Display_TransmitCmdParam
 .text.Display_SetWindow
                0x0000000008000734      0x150 ./Core/Src/display.o
                0x0000000008000734                Display_SetWindow
 .text.Display_SendColor
                0x0000000008000884       0x74 ./Core/Src/display.o
                0x0000000008000884                Display_SendColor
 .text.Display_SendData
                0x00000000080008f8       0x64 ./Core/Src/display.o
                0x00000000080008f8                Display_SendData
 .text.Encoder_Init
                0x000000000800095c       0x50 ./Core/Src/encoder.o
                0x000000000800095c                Encoder_Init
 .text.Encoder_CWHandler
                0x00000000080009ac       0x1c ./Core/Src/encoder.o
 .text.Encoder_CCWHandler
                0x00000000080009c8       0x1c ./Core/Src/encoder.o
 .text.Encoder_Debounce
                0x00000000080009e4       0x90 ./Core/Src/encoder.o
                0x00000000080009e4                Encoder_Debounce
 .text.Gfx_Init
                0x0000000008000a74        0xe ./Core/Src/gfx.o
                0x0000000008000a74                Gfx_Init
 *fill*         0x0000000008000a82        0x2 
 .text.Gfx_SetBackground
                0x0000000008000a84       0x30 ./Core/Src/gfx.o
                0x0000000008000a84                Gfx_SetBackground
 .text.Gfx_DrawRect
                0x0000000008000ab4       0x5c ./Core/Src/gfx.o
                0x0000000008000ab4                Gfx_DrawRect
 .text.Gfx_DrawDigit
                0x0000000008000b10      0x244 ./Core/Src/gfx.o
                0x0000000008000b10                Gfx_DrawDigit
 .text.Gfx_DrawImage
                0x0000000008000d54       0x4e ./Core/Src/gfx.o
                0x0000000008000d54                Gfx_DrawImage
 *fill*         0x0000000008000da2        0x2 
 .text.SystemClock_Config
                0x0000000008000da4       0xdc ./Core/Src/init.o
                0x0000000008000da4                SystemClock_Config
 .text.MX_SPI2_Init
                0x0000000008000e80       0x6c ./Core/Src/init.o
                0x0000000008000e80                MX_SPI2_Init
 .text.MX_USART2_UART_Init
                0x0000000008000eec       0x54 ./Core/Src/init.o
                0x0000000008000eec                MX_USART2_UART_Init
 .text.MX_GPIO_Init
                0x0000000008000f40      0x12c ./Core/Src/init.o
                0x0000000008000f40                MX_GPIO_Init
 .text.MX_TIM2_Init
                0x000000000800106c       0x9c ./Core/Src/init.o
                0x000000000800106c                MX_TIM2_Init
 .text.MX_TIM3_Init
                0x0000000008001108       0x9c ./Core/Src/init.o
                0x0000000008001108                MX_TIM3_Init
 .text.Error_Handler
                0x00000000080011a4        0xa ./Core/Src/init.o
                0x00000000080011a4                Error_Handler
 .text.Led_Init
                0x00000000080011ae       0x1a ./Core/Src/led.o
                0x00000000080011ae                Led_Init
 .text.Led_Off  0x00000000080011c8       0x40 ./Core/Src/led.o
                0x00000000080011c8                Led_Off
 .text.Led_Toggle
                0x0000000008001208       0x40 ./Core/Src/led.o
                0x0000000008001208                Led_Toggle
 .text.main     0x0000000008001248       0x42 ./Core/Src/main.o
                0x0000000008001248                main
 *fill*         0x000000000800128a        0x2 
 .text.Pot_Init
                0x000000000800128c       0x40 ./Core/Src/pot.o
                0x000000000800128c                Pot_Init
 .text.HAL_MspInit
                0x00000000080012cc       0x50 ./Core/Src/stm32f4xx_hal_msp.o
                0x00000000080012cc                HAL_MspInit
 .text.HAL_SPI_MspInit
                0x000000000800131c       0xf0 ./Core/Src/stm32f4xx_hal_msp.o
                0x000000000800131c                HAL_SPI_MspInit
 .text.HAL_TIM_Base_MspInit
                0x000000000800140c       0x88 ./Core/Src/stm32f4xx_hal_msp.o
                0x000000000800140c                HAL_TIM_Base_MspInit
 .text.HAL_UART_MspInit
                0x0000000008001494       0x90 ./Core/Src/stm32f4xx_hal_msp.o
                0x0000000008001494                HAL_UART_MspInit
 .text.NMI_Handler
                0x0000000008001524        0x6 ./Core/Src/stm32f4xx_it.o
                0x0000000008001524                NMI_Handler
 .text.HardFault_Handler
                0x000000000800152a        0x6 ./Core/Src/stm32f4xx_it.o
                0x000000000800152a                HardFault_Handler
 .text.MemManage_Handler
                0x0000000008001530        0x6 ./Core/Src/stm32f4xx_it.o
                0x0000000008001530                MemManage_Handler
 .text.BusFault_Handler
                0x0000000008001536        0x6 ./Core/Src/stm32f4xx_it.o
                0x0000000008001536                BusFault_Handler
 .text.UsageFault_Handler
                0x000000000800153c        0x6 ./Core/Src/stm32f4xx_it.o
                0x000000000800153c                UsageFault_Handler
 .text.SVC_Handler
                0x0000000008001542        0xe ./Core/Src/stm32f4xx_it.o
                0x0000000008001542                SVC_Handler
 .text.DebugMon_Handler
                0x0000000008001550        0xe ./Core/Src/stm32f4xx_it.o
                0x0000000008001550                DebugMon_Handler
 .text.PendSV_Handler
                0x000000000800155e        0xe ./Core/Src/stm32f4xx_it.o
                0x000000000800155e                PendSV_Handler
 .text.SysTick_Handler
                0x000000000800156c        0xc ./Core/Src/stm32f4xx_it.o
                0x000000000800156c                SysTick_Handler
 .text.TIM2_IRQHandler
                0x0000000008001578       0x14 ./Core/Src/stm32f4xx_it.o
                0x0000000008001578                TIM2_IRQHandler
 .text.TIM3_IRQHandler
                0x000000000800158c       0x14 ./Core/Src/stm32f4xx_it.o
                0x000000000800158c                TIM3_IRQHandler
 .text.SystemInit
                0x00000000080015a0       0x24 ./Core/Src/system_stm32f4xx.o
                0x00000000080015a0                SystemInit
 .text.Timer_EnableInterrupts
                0x00000000080015c4       0x1c ./Core/Src/timer.o
                0x00000000080015c4                Timer_EnableInterrupts
 .text.HAL_TIM_PeriodElapsedCallback
                0x00000000080015e0       0xa4 ./Core/Src/timer.o
                0x00000000080015e0                HAL_TIM_PeriodElapsedCallback
 .text.UI_Init  0x0000000008001684       0x18 ./Core/Src/ui.o
                0x0000000008001684                UI_Init
 .text.UI_Update_Laptime
                0x000000000800169c      0x100 ./Core/Src/ui.o
                0x000000000800169c                UI_Update_Laptime
 .text.UI_Update_BatteryPct
                0x000000000800179c       0xc4 ./Core/Src/ui.o
                0x000000000800179c                UI_Update_BatteryPct
 .text.UI_Update_RPM
                0x0000000008001860       0xc8 ./Core/Src/ui.o
                0x0000000008001860                UI_Update_RPM
 .text.UI_Update_WheelTemps
                0x0000000008001928      0x12c ./Core/Src/ui.o
                0x0000000008001928                UI_Update_WheelTemps
 .text.UI_Update_Speedometer
                0x0000000008001a54       0x54 ./Core/Src/ui.o
                0x0000000008001a54                UI_Update_Speedometer
 .text.UI_Update_CoolingTemp
                0x0000000008001aa8       0x54 ./Core/Src/ui.o
                0x0000000008001aa8                UI_Update_CoolingTemp
 .text.Reset_Handler
                0x0000000008001afc       0x50 ./Core/Startup/startup_stm32f446retx.o
                0x0000000008001afc                Reset_Handler
 .text.Default_Handler
                0x0000000008001b4c        0x2 ./Core/Startup/startup_stm32f446retx.o
                0x0000000008001b4c                RTC_Alarm_IRQHandler
                0x0000000008001b4c                EXTI2_IRQHandler
                0x0000000008001b4c                TIM8_CC_IRQHandler
                0x0000000008001b4c                FMPI2C1_EV_IRQHandler
                0x0000000008001b4c                SPI4_IRQHandler
                0x0000000008001b4c                TIM1_CC_IRQHandler
                0x0000000008001b4c                DMA2_Stream5_IRQHandler
                0x0000000008001b4c                DMA1_Stream5_IRQHandler
                0x0000000008001b4c                PVD_IRQHandler
                0x0000000008001b4c                SDIO_IRQHandler
                0x0000000008001b4c                TAMP_STAMP_IRQHandler
                0x0000000008001b4c                CAN2_RX1_IRQHandler
                0x0000000008001b4c                EXTI3_IRQHandler
                0x0000000008001b4c                TIM8_TRG_COM_TIM14_IRQHandler
                0x0000000008001b4c                TIM1_UP_TIM10_IRQHandler
                0x0000000008001b4c                TIM8_UP_TIM13_IRQHandler
                0x0000000008001b4c                I2C3_ER_IRQHandler
                0x0000000008001b4c                EXTI0_IRQHandler
                0x0000000008001b4c                I2C2_EV_IRQHandler
                0x0000000008001b4c                DMA1_Stream2_IRQHandler
                0x0000000008001b4c                CAN1_RX0_IRQHandler
                0x0000000008001b4c                FPU_IRQHandler
                0x0000000008001b4c                OTG_HS_WKUP_IRQHandler
                0x0000000008001b4c                CAN2_SCE_IRQHandler
                0x0000000008001b4c                DMA2_Stream2_IRQHandler
                0x0000000008001b4c                SPI1_IRQHandler
                0x0000000008001b4c                TIM6_DAC_IRQHandler
                0x0000000008001b4c                TIM1_BRK_TIM9_IRQHandler
                0x0000000008001b4c                DCMI_IRQHandler
                0x0000000008001b4c                CAN2_RX0_IRQHandler
                0x0000000008001b4c                DMA2_Stream3_IRQHandler
                0x0000000008001b4c                SAI2_IRQHandler
                0x0000000008001b4c                USART6_IRQHandler
                0x0000000008001b4c                USART3_IRQHandler
                0x0000000008001b4c                CAN1_RX1_IRQHandler
                0x0000000008001b4c                UART5_IRQHandler
                0x0000000008001b4c                DMA2_Stream0_IRQHandler
                0x0000000008001b4c                TIM4_IRQHandler
                0x0000000008001b4c                QUADSPI_IRQHandler
                0x0000000008001b4c                I2C1_EV_IRQHandler
                0x0000000008001b4c                DMA1_Stream6_IRQHandler
                0x0000000008001b4c                DMA1_Stream1_IRQHandler
                0x0000000008001b4c                UART4_IRQHandler
                0x0000000008001b4c                RCC_IRQHandler
                0x0000000008001b4c                TIM8_BRK_TIM12_IRQHandler
                0x0000000008001b4c                Default_Handler
                0x0000000008001b4c                CEC_IRQHandler
                0x0000000008001b4c                EXTI15_10_IRQHandler
                0x0000000008001b4c                ADC_IRQHandler
                0x0000000008001b4c                DMA1_Stream7_IRQHandler
                0x0000000008001b4c                TIM7_IRQHandler
                0x0000000008001b4c                CAN2_TX_IRQHandler
                0x0000000008001b4c                TIM5_IRQHandler
                0x0000000008001b4c                DMA2_Stream7_IRQHandler
                0x0000000008001b4c                I2C3_EV_IRQHandler
                0x0000000008001b4c                EXTI9_5_IRQHandler
                0x0000000008001b4c                RTC_WKUP_IRQHandler
                0x0000000008001b4c                SPDIF_RX_IRQHandler
                0x0000000008001b4c                SPI2_IRQHandler
                0x0000000008001b4c                OTG_HS_EP1_IN_IRQHandler
                0x0000000008001b4c                DMA1_Stream0_IRQHandler
                0x0000000008001b4c                CAN1_TX_IRQHandler
                0x0000000008001b4c                FMPI2C1_ER_IRQHandler
                0x0000000008001b4c                EXTI4_IRQHandler
                0x0000000008001b4c                OTG_HS_EP1_OUT_IRQHandler
                0x0000000008001b4c                WWDG_IRQHandler
                0x0000000008001b4c                OTG_FS_WKUP_IRQHandler
                0x0000000008001b4c                TIM1_TRG_COM_TIM11_IRQHandler
                0x0000000008001b4c                OTG_HS_IRQHandler
                0x0000000008001b4c                EXTI1_IRQHandler
                0x0000000008001b4c                USART2_IRQHandler
                0x0000000008001b4c                I2C2_ER_IRQHandler
                0x0000000008001b4c                DMA2_Stream1_IRQHandler
                0x0000000008001b4c                CAN1_SCE_IRQHandler
                0x0000000008001b4c                FLASH_IRQHandler
                0x0000000008001b4c                DMA2_Stream4_IRQHandler
                0x0000000008001b4c                USART1_IRQHandler
                0x0000000008001b4c                OTG_FS_IRQHandler
                0x0000000008001b4c                SPI3_IRQHandler
                0x0000000008001b4c                DMA1_Stream4_IRQHandler
                0x0000000008001b4c                I2C1_ER_IRQHandler
                0x0000000008001b4c                FMC_IRQHandler
                0x0000000008001b4c                DMA2_Stream6_IRQHandler
                0x0000000008001b4c                SAI1_IRQHandler
                0x0000000008001b4c                DMA1_Stream3_IRQHandler
 *fill*         0x0000000008001b4e        0x2 
 .text.HAL_Init
                0x0000000008001b50       0x44 ./Drivers/STM32F4xx_HAL_Driver/Src/stm32f4xx_hal.o
                0x0000000008001b50                HAL_Init
 .text.HAL_InitTick
                0x0000000008001b94       0x60 ./Drivers/STM32F4xx_HAL_Driver/Src/stm32f4xx_hal.o
                0x0000000008001b94                HAL_InitTick
 .text.HAL_IncTick
                0x0000000008001bf4       0x28 ./Drivers/STM32F4xx_HAL_Driver/Src/stm32f4xx_hal.o
                0x0000000008001bf4                HAL_IncTick
 .text.HAL_GetTick
                0x0000000008001c1c       0x18 ./Drivers/STM32F4xx_HAL_Driver/Src/stm32f4xx_hal.o
                0x0000000008001c1c                HAL_GetTick
 .text.HAL_Delay
                0x0000000008001c34       0x48 ./Drivers/STM32F4xx_HAL_Driver/Src/stm32f4xx_hal.o
                0x0000000008001c34                HAL_Delay
 .text.__NVIC_SetPriorityGrouping
                0x0000000008001c7c       0x48 ./Drivers/STM32F4xx_HAL_Driver/Src/stm32f4xx_hal_cortex.o
 .text.__NVIC_GetPriorityGrouping
                0x0000000008001cc4       0x1c ./Drivers/STM32F4xx_HAL_Driver/Src/stm32f4xx_hal_cortex.o
 .text.__NVIC_EnableIRQ
                0x0000000008001ce0       0x3c ./Drivers/STM32F4xx_HAL_Driver/Src/stm32f4xx_hal_cortex.o
 .text.__NVIC_SetPriority
                0x0000000008001d1c       0x54 ./Drivers/STM32F4xx_HAL_Driver/Src/stm32f4xx_hal_cortex.o
 .text.NVIC_EncodePriority
                0x0000000008001d70       0x66 ./Drivers/STM32F4xx_HAL_Driver/Src/stm32f4xx_hal_cortex.o
 *fill*         0x0000000008001dd6        0x2 
 .text.SysTick_Config
                0x0000000008001dd8       0x44 ./Drivers/STM32F4xx_HAL_Driver/Src/stm32f4xx_hal_cortex.o
 .text.HAL_NVIC_SetPriorityGrouping
                0x0000000008001e1c       0x16 ./Drivers/STM32F4xx_HAL_Driver/Src/stm32f4xx_hal_cortex.o
                0x0000000008001e1c                HAL_NVIC_SetPriorityGrouping
 .text.HAL_NVIC_SetPriority
                0x0000000008001e32       0x38 ./Drivers/STM32F4xx_HAL_Driver/Src/stm32f4xx_hal_cortex.o
                0x0000000008001e32                HAL_NVIC_SetPriority
 .text.HAL_NVIC_EnableIRQ
                0x0000000008001e6a       0x1c ./Drivers/STM32F4xx_HAL_Driver/Src/stm32f4xx_hal_cortex.o
                0x0000000008001e6a                HAL_NVIC_EnableIRQ
 .text.HAL_SYSTICK_Config
                0x0000000008001e86       0x18 ./Drivers/STM32F4xx_HAL_Driver/Src/stm32f4xx_hal_cortex.o
                0x0000000008001e86                HAL_SYSTICK_Config
 *fill*         0x0000000008001e9e        0x2 
 .text.HAL_GPIO_Init
                0x0000000008001ea0      0x328 ./Drivers/STM32F4xx_HAL_Driver/Src/stm32f4xx_hal_gpio.o
                0x0000000008001ea0                HAL_GPIO_Init
 .text.HAL_GPIO_ReadPin
                0x00000000080021c8       0x30 ./Drivers/STM32F4xx_HAL_Driver/Src/stm32f4xx_hal_gpio.o
                0x00000000080021c8                HAL_GPIO_ReadPin
 .text.HAL_GPIO_WritePin
                0x00000000080021f8       0x32 ./Drivers/STM32F4xx_HAL_Driver/Src/stm32f4xx_hal_gpio.o
                0x00000000080021f8                HAL_GPIO_WritePin
 .text.HAL_GPIO_TogglePin
                0x000000000800222a       0x34 ./Drivers/STM32F4xx_HAL_Driver/Src/stm32f4xx_hal_gpio.o
                0x000000000800222a                HAL_GPIO_TogglePin
 *fill*         0x000000000800225e        0x2 
 .text.HAL_RCC_ClockConfig
                0x0000000008002260      0x1cc ./Drivers/STM32F4xx_HAL_Driver/Src/stm32f4xx_hal_rcc.o
                0x0000000008002260                HAL_RCC_ClockConfig
 .text.HAL_RCC_GetHCLKFreq
                0x000000000800242c       0x18 ./Drivers/STM32F4xx_HAL_Driver/Src/stm32f4xx_hal_rcc.o
                0x000000000800242c                HAL_RCC_GetHCLKFreq
 .text.HAL_RCC_GetPCLK1Freq
                0x0000000008002444       0x28 ./Drivers/STM32F4xx_HAL_Driver/Src/stm32f4xx_hal_rcc.o
                0x0000000008002444                HAL_RCC_GetPCLK1Freq
 .text.HAL_RCC_GetPCLK2Freq
                0x000000000800246c       0x28 ./Drivers/STM32F4xx_HAL_Driver/Src/stm32f4xx_hal_rcc.o
                0x000000000800246c                HAL_RCC_GetPCLK2Freq
 .text.HAL_RCC_GetSysClockFreq
                0x0000000008002494      0x460 ./Drivers/STM32F4xx_HAL_Driver/Src/stm32f4xx_hal_rcc_ex.o
                0x0000000008002494                HAL_RCC_GetSysClockFreq
 .text.HAL_RCC_OscConfig
                0x00000000080028f4      0x53c ./Drivers/STM32F4xx_HAL_Driver/Src/stm32f4xx_hal_rcc_ex.o
                0x00000000080028f4                HAL_RCC_OscConfig
 .text.HAL_SPI_Init
                0x0000000008002e30      0x112 ./Drivers/STM32F4xx_HAL_Driver/Src/stm32f4xx_hal_spi.o
                0x0000000008002e30                HAL_SPI_Init
 .text.HAL_SPI_Transmit
                0x0000000008002f42      0x278 ./Drivers/STM32F4xx_HAL_Driver/Src/stm32f4xx_hal_spi.o
                0x0000000008002f42                HAL_SPI_Transmit
 *fill*         0x00000000080031ba        0x2 
 .text.SPI_WaitFlagStateUntilTimeout
                0x00000000080031bc      0x110 ./Drivers/STM32F4xx_HAL_Driver/Src/stm32f4xx_hal_spi.o
 .text.SPI_EndRxTxTransaction
                0x00000000080032cc       0x84 ./Drivers/STM32F4xx_HAL_Driver/Src/stm32f4xx_hal_spi.o
 .text.HAL_TIM_Base_Init
                0x0000000008003350       0x9e ./Drivers/STM32F4xx_HAL_Driver/Src/stm32f4xx_hal_tim.o
                0x0000000008003350                HAL_TIM_Base_Init
 *fill*         0x00000000080033ee        0x2 
 .text.HAL_TIM_Base_Start_IT
                0x00000000080033f0       0xe0 ./Drivers/STM32F4xx_HAL_Driver/Src/stm32f4xx_hal_tim.o
                0x00000000080033f0                HAL_TIM_Base_Start_IT
 .text.HAL_TIM_IRQHandler
                0x00000000080034d0      0x210 ./Drivers/STM32F4xx_HAL_Driver/Src/stm32f4xx_hal_tim.o
                0x00000000080034d0                HAL_TIM_IRQHandler
 .text.HAL_TIM_ConfigClockSource
                0x00000000080036e0      0x18e ./Drivers/STM32F4xx_HAL_Driver/Src/stm32f4xx_hal_tim.o
                0x00000000080036e0                HAL_TIM_ConfigClockSource
 .text.HAL_TIM_OC_DelayElapsedCallback
                0x000000000800386e       0x14 ./Drivers/STM32F4xx_HAL_Driver/Src/stm32f4xx_hal_tim.o
                0x000000000800386e                HAL_TIM_OC_DelayElapsedCallback
 .text.HAL_TIM_IC_CaptureCallback
                0x0000000008003882       0x14 ./Drivers/STM32F4xx_HAL_Driver/Src/stm32f4xx_hal_tim.o
                0x0000000008003882                HAL_TIM_IC_CaptureCallback
 .text.HAL_TIM_PWM_PulseFinishedCallback
                0x0000000008003896       0x14 ./Drivers/STM32F4xx_HAL_Driver/Src/stm32f4xx_hal_tim.o
                0x0000000008003896                HAL_TIM_PWM_PulseFinishedCallback
 .text.HAL_TIM_TriggerCallback
                0x00000000080038aa       0x14 ./Drivers/STM32F4xx_HAL_Driver/Src/stm32f4xx_hal_tim.o
                0x00000000080038aa                HAL_TIM_TriggerCallback
 *fill*         0x00000000080038be        0x2 
 .text.TIM_Base_SetConfig
                0x00000000080038c0      0x140 ./Drivers/STM32F4xx_HAL_Driver/Src/stm32f4xx_hal_tim.o
                0x00000000080038c0                TIM_Base_SetConfig
 .text.TIM_TI1_ConfigInputStage
                0x0000000008003a00       0x5e ./Drivers/STM32F4xx_HAL_Driver/Src/stm32f4xx_hal_tim.o
 .text.TIM_TI2_ConfigInputStage
                0x0000000008003a5e       0x60 ./Drivers/STM32F4xx_HAL_Driver/Src/stm32f4xx_hal_tim.o
 .text.TIM_ITRx_SetConfig
                0x0000000008003abe       0x36 ./Drivers/STM32F4xx_HAL_Driver/Src/stm32f4xx_hal_tim.o
 .text.TIM_ETR_SetConfig
                0x0000000008003af4       0x40 ./Drivers/STM32F4xx_HAL_Driver/Src/stm32f4xx_hal_tim.o
                0x0000000008003af4                TIM_ETR_SetConfig
 .text.HAL_TIMEx_MasterConfigSynchronization
                0x0000000008003b34       0xf8 ./Drivers/STM32F4xx_HAL_Driver/Src/stm32f4xx_hal_tim_ex.o
                0x0000000008003b34                HAL_TIMEx_MasterConfigSynchronization
 .text.HAL_TIMEx_CommutCallback
                0x0000000008003c2c       0x14 ./Drivers/STM32F4xx_HAL_Driver/Src/stm32f4xx_hal_tim_ex.o
                0x0000000008003c2c                HAL_TIMEx_CommutCallback
 .text.HAL_TIMEx_BreakCallback
                0x0000000008003c40       0x14 ./Drivers/STM32F4xx_HAL_Driver/Src/stm32f4xx_hal_tim_ex.o
                0x0000000008003c40                HAL_TIMEx_BreakCallback
 .text.HAL_UART_Init
                0x0000000008003c54       0x9a ./Drivers/STM32F4xx_HAL_Driver/Src/stm32f4xx_hal_uart.o
                0x0000000008003c54                HAL_UART_Init
 *fill*         0x0000000008003cee        0x2 
 .text.UART_SetConfig
                0x0000000008003cf0      0x4e8 ./Drivers/STM32F4xx_HAL_Driver/Src/stm32f4xx_hal_uart.o
 .text.__libc_init_array
                0x00000000080041d8       0x48 c:/st/stm32cubeide_1.11.0/stm32cubeide/plugins/com.st.stm32cube.ide.mcu.externaltools.gnu-tools-for-stm32.10.3-2021.10.win32_1.0.100.202210260954/tools/bin/../lib/gcc/arm-none-eabi/10.3.1/../../../../arm-none-eabi/lib/thumb/v7e-m+fp/hard\libc_nano.a(lib_a-init.o)
                0x00000000080041d8                __libc_init_array
 .text.memset   0x0000000008004220       0x10 c:/st/stm32cubeide_1.11.0/stm32cubeide/plugins/com.st.stm32cube.ide.mcu.externaltools.gnu-tools-for-stm32.10.3-2021.10.win32_1.0.100.202210260954/tools/bin/../lib/gcc/arm-none-eabi/10.3.1/../../../../arm-none-eabi/lib/thumb/v7e-m+fp/hard\libc_nano.a(lib_a-memset.o)
                0x0000000008004220                memset
 *(.glue_7)
 .glue_7        0x0000000008004230        0x0 linker stubs
 *(.glue_7t)
 .glue_7t       0x0000000008004230        0x0 linker stubs
 *(.eh_frame)
 .eh_frame      0x0000000008004230        0x0 c:/st/stm32cubeide_1.11.0/stm32cubeide/plugins/com.st.stm32cube.ide.mcu.externaltools.gnu-tools-for-stm32.10.3-2021.10.win32_1.0.100.202210260954/tools/bin/../lib/gcc/arm-none-eabi/10.3.1/thumb/v7e-m+fp/hard/crtbegin.o
 *(.init)
 .init          0x0000000008004230        0x4 c:/st/stm32cubeide_1.11.0/stm32cubeide/plugins/com.st.stm32cube.ide.mcu.externaltools.gnu-tools-for-stm32.10.3-2021.10.win32_1.0.100.202210260954/tools/bin/../lib/gcc/arm-none-eabi/10.3.1/thumb/v7e-m+fp/hard/crti.o
                0x0000000008004230                _init
 .init          0x0000000008004234        0x8 c:/st/stm32cubeide_1.11.0/stm32cubeide/plugins/com.st.stm32cube.ide.mcu.externaltools.gnu-tools-for-stm32.10.3-2021.10.win32_1.0.100.202210260954/tools/bin/../lib/gcc/arm-none-eabi/10.3.1/thumb/v7e-m+fp/hard/crtn.o
 *(.fini)
 .fini          0x000000000800423c        0x4 c:/st/stm32cubeide_1.11.0/stm32cubeide/plugins/com.st.stm32cube.ide.mcu.externaltools.gnu-tools-for-stm32.10.3-2021.10.win32_1.0.100.202210260954/tools/bin/../lib/gcc/arm-none-eabi/10.3.1/thumb/v7e-m+fp/hard/crti.o
                0x000000000800423c                _fini
 .fini          0x0000000008004240        0x8 c:/st/stm32cubeide_1.11.0/stm32cubeide/plugins/com.st.stm32cube.ide.mcu.externaltools.gnu-tools-for-stm32.10.3-2021.10.win32_1.0.100.202210260954/tools/bin/../lib/gcc/arm-none-eabi/10.3.1/thumb/v7e-m+fp/hard/crtn.o
                0x0000000008004248                . = ALIGN (0x4)
                0x0000000008004248                _etext = .

.vfp11_veneer   0x0000000008004248        0x0
 .vfp11_veneer  0x0000000008004248        0x0 linker stubs

.v4_bx          0x0000000008004248        0x0
 .v4_bx         0x0000000008004248        0x0 linker stubs

.iplt           0x0000000008004248        0x0
 .iplt          0x0000000008004248        0x0 c:/st/stm32cubeide_1.11.0/stm32cubeide/plugins/com.st.stm32cube.ide.mcu.externaltools.gnu-tools-for-stm32.10.3-2021.10.win32_1.0.100.202210260954/tools/bin/../lib/gcc/arm-none-eabi/10.3.1/thumb/v7e-m+fp/hard/crtbegin.o

.rodata         0x0000000008004248       0x24
                0x0000000008004248                . = ALIGN (0x4)
 *(.rodata)
 .rodata        0x0000000008004248        0xc ./Core/Src/button.o
 *(.rodata*)
 .rodata.AHBPrescTable
                0x0000000008004254       0x10 ./Core/Src/system_stm32f4xx.o
                0x0000000008004254                AHBPrescTable
 .rodata.APBPrescTable
                0x0000000008004264        0x8 ./Core/Src/system_stm32f4xx.o
                0x0000000008004264                APBPrescTable
                0x000000000800426c                . = ALIGN (0x4)

.ARM.extab      0x000000000800426c        0x0
                0x000000000800426c                . = ALIGN (0x4)
 *(.ARM.extab* .gnu.linkonce.armextab.*)
                0x000000000800426c                . = ALIGN (0x4)

.ARM            0x000000000800426c        0x8
                0x000000000800426c                . = ALIGN (0x4)
                0x000000000800426c                __exidx_start = .
 *(.ARM.exidx*)
 .ARM.exidx     0x000000000800426c        0x8 c:/st/stm32cubeide_1.11.0/stm32cubeide/plugins/com.st.stm32cube.ide.mcu.externaltools.gnu-tools-for-stm32.10.3-2021.10.win32_1.0.100.202210260954/tools/bin/../lib/gcc/arm-none-eabi/10.3.1/thumb/v7e-m+fp/hard\libgcc.a(_udivmoddi4.o)
                0x0000000008004274                __exidx_end = .
                0x0000000008004274                . = ALIGN (0x4)

.rel.dyn        0x0000000008004274        0x0
 .rel.iplt      0x0000000008004274        0x0 c:/st/stm32cubeide_1.11.0/stm32cubeide/plugins/com.st.stm32cube.ide.mcu.externaltools.gnu-tools-for-stm32.10.3-2021.10.win32_1.0.100.202210260954/tools/bin/../lib/gcc/arm-none-eabi/10.3.1/thumb/v7e-m+fp/hard/crtbegin.o

.preinit_array  0x0000000008004274        0x0
                0x0000000008004274                . = ALIGN (0x4)
                0x0000000008004274                PROVIDE (__preinit_array_start = .)
 *(.preinit_array*)
                0x0000000008004274                PROVIDE (__preinit_array_end = .)
                0x0000000008004274                . = ALIGN (0x4)

.init_array     0x0000000008004274        0x4
                0x0000000008004274                . = ALIGN (0x4)
                0x0000000008004274                PROVIDE (__init_array_start = .)
 *(SORT_BY_NAME(.init_array.*))
 *(.init_array*)
 .init_array    0x0000000008004274        0x4 c:/st/stm32cubeide_1.11.0/stm32cubeide/plugins/com.st.stm32cube.ide.mcu.externaltools.gnu-tools-for-stm32.10.3-2021.10.win32_1.0.100.202210260954/tools/bin/../lib/gcc/arm-none-eabi/10.3.1/thumb/v7e-m+fp/hard/crtbegin.o
                0x0000000008004278                PROVIDE (__init_array_end = .)
                0x0000000008004278                . = ALIGN (0x4)

.fini_array     0x0000000008004278        0x4
                0x0000000008004278                . = ALIGN (0x4)
                [!provide]                        PROVIDE (__fini_array_start = .)
 *(SORT_BY_NAME(.fini_array.*))
 *(.fini_array*)
 .fini_array    0x0000000008004278        0x4 c:/st/stm32cubeide_1.11.0/stm32cubeide/plugins/com.st.stm32cube.ide.mcu.externaltools.gnu-tools-for-stm32.10.3-2021.10.win32_1.0.100.202210260954/tools/bin/../lib/gcc/arm-none-eabi/10.3.1/thumb/v7e-m+fp/hard/crtbegin.o
                [!provide]                        PROVIDE (__fini_array_end = .)
                0x000000000800427c                . = ALIGN (0x4)
                0x000000000800427c                _sidata = LOADADDR (.data)

.data           0x0000000020000000    0x12c30 load address 0x000000000800427c
                0x0000000020000000                . = ALIGN (0x4)
                0x0000000020000000                _sdata = .
 *(.data)
 *(.data*)
 .data.button_list
                0x0000000020000000        0x4 ./Core/Src/button.o
 .data.encoder_list
                0x0000000020000004        0x4 ./Core/Src/encoder.o
 .data.digit_patterns
                0x0000000020000008        0xa ./Core/Src/gfx.o
 *fill*         0x0000000020000012        0x2 
 .data.drive_mode_background_img
                0x0000000020000014    0x12c00 ./Core/Src/img.o
                0x0000000020000014                drive_mode_background_img
 .data.SystemCoreClock
                0x0000000020012c14        0x4 ./Core/Src/system_stm32f4xx.o
                0x0000000020012c14                SystemCoreClock
 .data.background_img
                0x0000000020012c18       0x10 ./Core/Src/ui.o
                0x0000000020012c18                background_img
 .data.uwTickPrio
                0x0000000020012c28        0x4 ./Drivers/STM32F4xx_HAL_Driver/Src/stm32f4xx_hal.o
                0x0000000020012c28                uwTickPrio
 .data.uwTickFreq
                0x0000000020012c2c        0x1 ./Drivers/STM32F4xx_HAL_Driver/Src/stm32f4xx_hal.o
                0x0000000020012c2c                uwTickFreq
 *(.RamFunc)
 *(.RamFunc*)
                0x0000000020012c30                . = ALIGN (0x4)
 *fill*         0x0000000020012c2d        0x3 
                0x0000000020012c30                _edata = .

.igot.plt       0x0000000020012c30        0x0 load address 0x0000000008016eac
 .igot.plt      0x0000000020012c30        0x0 c:/st/stm32cubeide_1.11.0/stm32cubeide/plugins/com.st.stm32cube.ide.mcu.externaltools.gnu-tools-for-stm32.10.3-2021.10.win32_1.0.100.202210260954/tools/bin/../lib/gcc/arm-none-eabi/10.3.1/thumb/v7e-m+fp/hard/crtbegin.o
                0x0000000020012c30                . = ALIGN (0x4)

.bss            0x0000000020012c30      0x18c load address 0x0000000008016eac
                0x0000000020012c30                _sbss = .
                0x0000000020012c30                __bss_start__ = _sbss
 *(.bss)
 .bss           0x0000000020012c30       0x1c c:/st/stm32cubeide_1.11.0/stm32cubeide/plugins/com.st.stm32cube.ide.mcu.externaltools.gnu-tools-for-stm32.10.3-2021.10.win32_1.0.100.202210260954/tools/bin/../lib/gcc/arm-none-eabi/10.3.1/thumb/v7e-m+fp/hard/crtbegin.o
 *(.bss*)
 .bss.btn1      0x0000000020012c4c        0xc ./Core/Src/button.o
 .bss.enc1      0x0000000020012c58        0xc ./Core/Src/encoder.o
 .bss.background_color
                0x0000000020012c64        0x1 ./Core/Src/gfx.o
 *fill*         0x0000000020012c65        0x3 
 .bss.hspi2     0x0000000020012c68       0x58 ./Core/Src/init.o
                0x0000000020012c68                hspi2
 .bss.huart2    0x0000000020012cc0       0x44 ./Core/Src/init.o
                0x0000000020012cc0                huart2
 .bss.htim3     0x0000000020012d04       0x48 ./Core/Src/init.o
                0x0000000020012d04                htim3
 .bss.htim2     0x0000000020012d4c       0x48 ./Core/Src/init.o
                0x0000000020012d4c                htim2
 .bss.pot1      0x0000000020012d94        0xc ./Core/Src/pot.o
 .bss.pot2      0x0000000020012da0        0xc ./Core/Src/pot.o
 .bss.time_elapsed
                0x0000000020012dac        0x4 ./Core/Src/timer.o
 .bss.current_ms
                0x0000000020012db0        0x2 ./Core/Src/timer.o
 *fill*         0x0000000020012db2        0x2 
 .bss.lap_time_start
                0x0000000020012db4        0x4 ./Core/Src/ui.o
 .bss.uwTick    0x0000000020012db8        0x4 ./Drivers/STM32F4xx_HAL_Driver/Src/stm32f4xx_hal.o
                0x0000000020012db8                uwTick
 *(COMMON)
                0x0000000020012dbc                . = ALIGN (0x4)
                0x0000000020012dbc                _ebss = .
                0x0000000020012dbc                __bss_end__ = _ebss

._user_heap_stack
                0x0000000020012dbc      0x604 load address 0x0000000008016eac
                0x0000000020012dc0                . = ALIGN (0x8)
 *fill*         0x0000000020012dbc        0x4 
                [!provide]                        PROVIDE (end = .)
                0x0000000020012dc0                PROVIDE (_end = .)
                0x0000000020012fc0                . = (. + _Min_Heap_Size)
 *fill*         0x0000000020012dc0      0x200 
                0x00000000200133c0                . = (. + _Min_Stack_Size)
 *fill*         0x0000000020012fc0      0x400 
                0x00000000200133c0                . = ALIGN (0x8)

/DISCARD/
 libc.a(*)
 libm.a(*)
 libgcc.a(*)

.ARM.attributes
                0x0000000000000000       0x30
 *(.ARM.attributes)
 .ARM.attributes
                0x0000000000000000       0x1e c:/st/stm32cubeide_1.11.0/stm32cubeide/plugins/com.st.stm32cube.ide.mcu.externaltools.gnu-tools-for-stm32.10.3-2021.10.win32_1.0.100.202210260954/tools/bin/../lib/gcc/arm-none-eabi/10.3.1/thumb/v7e-m+fp/hard/crti.o
 .ARM.attributes
                0x000000000000001e       0x34 c:/st/stm32cubeide_1.11.0/stm32cubeide/plugins/com.st.stm32cube.ide.mcu.externaltools.gnu-tools-for-stm32.10.3-2021.10.win32_1.0.100.202210260954/tools/bin/../lib/gcc/arm-none-eabi/10.3.1/thumb/v7e-m+fp/hard/crtbegin.o
 .ARM.attributes
                0x0000000000000052       0x34 ./Core/Src/button.o
 .ARM.attributes
                0x0000000000000086       0x34 ./Core/Src/display.o
 .ARM.attributes
                0x00000000000000ba       0x34 ./Core/Src/encoder.o
 .ARM.attributes
                0x00000000000000ee       0x34 ./Core/Src/gfx.o
 .ARM.attributes
                0x0000000000000122       0x34 ./Core/Src/img.o
 .ARM.attributes
                0x0000000000000156       0x34 ./Core/Src/init.o
 .ARM.attributes
                0x000000000000018a       0x34 ./Core/Src/led.o
 .ARM.attributes
                0x00000000000001be       0x34 ./Core/Src/main.o
 .ARM.attributes
                0x00000000000001f2       0x34 ./Core/Src/pot.o
 .ARM.attributes
                0x0000000000000226       0x34 ./Core/Src/stm32f4xx_hal_msp.o
 .ARM.attributes
                0x000000000000025a       0x34 ./Core/Src/stm32f4xx_it.o
 .ARM.attributes
                0x000000000000028e       0x34 ./Core/Src/system_stm32f4xx.o
 .ARM.attributes
                0x00000000000002c2       0x34 ./Core/Src/timer.o
 .ARM.attributes
                0x00000000000002f6       0x34 ./Core/Src/ui.o
 .ARM.attributes
                0x000000000000032a       0x21 ./Core/Startup/startup_stm32f446retx.o
 .ARM.attributes
                0x000000000000034b       0x34 ./Drivers/STM32F4xx_HAL_Driver/Src/stm32f4xx_hal.o
 .ARM.attributes
                0x000000000000037f       0x34 ./Drivers/STM32F4xx_HAL_Driver/Src/stm32f4xx_hal_cortex.o
 .ARM.attributes
                0x00000000000003b3       0x34 ./Drivers/STM32F4xx_HAL_Driver/Src/stm32f4xx_hal_gpio.o
 .ARM.attributes
                0x00000000000003e7       0x34 ./Drivers/STM32F4xx_HAL_Driver/Src/stm32f4xx_hal_rcc.o
 .ARM.attributes
                0x000000000000041b       0x34 ./Drivers/STM32F4xx_HAL_Driver/Src/stm32f4xx_hal_rcc_ex.o
 .ARM.attributes
                0x000000000000044f       0x34 ./Drivers/STM32F4xx_HAL_Driver/Src/stm32f4xx_hal_spi.o
 .ARM.attributes
                0x0000000000000483       0x34 ./Drivers/STM32F4xx_HAL_Driver/Src/stm32f4xx_hal_tim.o
 .ARM.attributes
                0x00000000000004b7       0x34 ./Drivers/STM32F4xx_HAL_Driver/Src/stm32f4xx_hal_tim_ex.o
 .ARM.attributes
                0x00000000000004eb       0x34 ./Drivers/STM32F4xx_HAL_Driver/Src/stm32f4xx_hal_uart.o
 .ARM.attributes
                0x000000000000051f       0x34 c:/st/stm32cubeide_1.11.0/stm32cubeide/plugins/com.st.stm32cube.ide.mcu.externaltools.gnu-tools-for-stm32.10.3-2021.10.win32_1.0.100.202210260954/tools/bin/../lib/gcc/arm-none-eabi/10.3.1/../../../../arm-none-eabi/lib/thumb/v7e-m+fp/hard\libc_nano.a(lib_a-init.o)
 .ARM.attributes
                0x0000000000000553       0x34 c:/st/stm32cubeide_1.11.0/stm32cubeide/plugins/com.st.stm32cube.ide.mcu.externaltools.gnu-tools-for-stm32.10.3-2021.10.win32_1.0.100.202210260954/tools/bin/../lib/gcc/arm-none-eabi/10.3.1/../../../../arm-none-eabi/lib/thumb/v7e-m+fp/hard\libc_nano.a(lib_a-memset.o)
 .ARM.attributes
                0x0000000000000587       0x1e c:/st/stm32cubeide_1.11.0/stm32cubeide/plugins/com.st.stm32cube.ide.mcu.externaltools.gnu-tools-for-stm32.10.3-2021.10.win32_1.0.100.202210260954/tools/bin/../lib/gcc/arm-none-eabi/10.3.1/thumb/v7e-m+fp/hard\libgcc.a(_aeabi_uldivmod.o)
 .ARM.attributes
                0x00000000000005a5       0x34 c:/st/stm32cubeide_1.11.0/stm32cubeide/plugins/com.st.stm32cube.ide.mcu.externaltools.gnu-tools-for-stm32.10.3-2021.10.win32_1.0.100.202210260954/tools/bin/../lib/gcc/arm-none-eabi/10.3.1/thumb/v7e-m+fp/hard\libgcc.a(_udivmoddi4.o)
 .ARM.attributes
                0x00000000000005d9       0x1e c:/st/stm32cubeide_1.11.0/stm32cubeide/plugins/com.st.stm32cube.ide.mcu.externaltools.gnu-tools-for-stm32.10.3-2021.10.win32_1.0.100.202210260954/tools/bin/../lib/gcc/arm-none-eabi/10.3.1/thumb/v7e-m+fp/hard\libgcc.a(_dvmd_tls.o)
 .ARM.attributes
                0x00000000000005f7       0x1e c:/st/stm32cubeide_1.11.0/stm32cubeide/plugins/com.st.stm32cube.ide.mcu.externaltools.gnu-tools-for-stm32.10.3-2021.10.win32_1.0.100.202210260954/tools/bin/../lib/gcc/arm-none-eabi/10.3.1/thumb/v7e-m+fp/hard/crtn.o
OUTPUT(DisplayILI9488.elf elf32-littlearm)
LOAD linker stubs
LOAD c:/st/stm32cubeide_1.11.0/stm32cubeide/plugins/com.st.stm32cube.ide.mcu.externaltools.gnu-tools-for-stm32.10.3-2021.10.win32_1.0.100.202210260954/tools/bin/../lib/gcc/arm-none-eabi/10.3.1/../../../../arm-none-eabi/lib/thumb/v7e-m+fp/hard\libc.a
LOAD c:/st/stm32cubeide_1.11.0/stm32cubeide/plugins/com.st.stm32cube.ide.mcu.externaltools.gnu-tools-for-stm32.10.3-2021.10.win32_1.0.100.202210260954/tools/bin/../lib/gcc/arm-none-eabi/10.3.1/../../../../arm-none-eabi/lib/thumb/v7e-m+fp/hard\libm.a
LOAD c:/st/stm32cubeide_1.11.0/stm32cubeide/plugins/com.st.stm32cube.ide.mcu.externaltools.gnu-tools-for-stm32.10.3-2021.10.win32_1.0.100.202210260954/tools/bin/../lib/gcc/arm-none-eabi/10.3.1/thumb/v7e-m+fp/hard\libgcc.a

.debug_info     0x0000000000000000    0x1173f
 .debug_info    0x0000000000000000      0x35f ./Core/Src/button.o
 .debug_info    0x000000000000035f      0x8db ./Core/Src/display.o
 .debug_info    0x0000000000000c3a      0x35d ./Core/Src/encoder.o
 .debug_info    0x0000000000000f97      0x380 ./Core/Src/gfx.o
 .debug_info    0x0000000000001317       0xc9 ./Core/Src/img.o
 .debug_info    0x00000000000013e0     0x13b3 ./Core/Src/init.o
 .debug_info    0x0000000000002793      0x26e ./Core/Src/led.o
 .debug_info    0x0000000000002a01      0x13c ./Core/Src/main.o
 .debug_info    0x0000000000002b3d      0x2ac ./Core/Src/pot.o
 .debug_info    0x0000000000002de9     0x134f ./Core/Src/stm32f4xx_hal_msp.o
 .debug_info    0x0000000000004138      0x754 ./Core/Src/stm32f4xx_it.o
 .debug_info    0x000000000000488c      0x55b ./Core/Src/system_stm32f4xx.o
 .debug_info    0x0000000000004de7      0x7d4 ./Core/Src/timer.o
 .debug_info    0x00000000000055bb      0x350 ./Core/Src/ui.o
 .debug_info    0x000000000000590b       0x22 ./Core/Startup/startup_stm32f446retx.o
 .debug_info    0x000000000000592d      0x9d2 ./Drivers/STM32F4xx_HAL_Driver/Src/stm32f4xx_hal.o
 .debug_info    0x00000000000062ff      0xe39 ./Drivers/STM32F4xx_HAL_Driver/Src/stm32f4xx_hal_cortex.o
 .debug_info    0x0000000000007138      0x7be ./Drivers/STM32F4xx_HAL_Driver/Src/stm32f4xx_hal_gpio.o
 .debug_info    0x00000000000078f6      0x9ab ./Drivers/STM32F4xx_HAL_Driver/Src/stm32f4xx_hal_rcc.o
 .debug_info    0x00000000000082a1      0x9ec ./Drivers/STM32F4xx_HAL_Driver/Src/stm32f4xx_hal_rcc_ex.o
 .debug_info    0x0000000000008c8d     0x1758 ./Drivers/STM32F4xx_HAL_Driver/Src/stm32f4xx_hal_spi.o
 .debug_info    0x000000000000a3e5     0x2bbe ./Drivers/STM32F4xx_HAL_Driver/Src/stm32f4xx_hal_tim.o
 .debug_info    0x000000000000cfa3     0x15e0 ./Drivers/STM32F4xx_HAL_Driver/Src/stm32f4xx_hal_tim_ex.o
 .debug_info    0x000000000000e583     0x31bc ./Drivers/STM32F4xx_HAL_Driver/Src/stm32f4xx_hal_uart.o

.debug_abbrev   0x0000000000000000     0x2943
 .debug_abbrev  0x0000000000000000      0x1c4 ./Core/Src/button.o
 .debug_abbrev  0x00000000000001c4      0x1d5 ./Core/Src/display.o
 .debug_abbrev  0x0000000000000399      0x177 ./Core/Src/encoder.o
 .debug_abbrev  0x0000000000000510      0x10d ./Core/Src/gfx.o
 .debug_abbrev  0x000000000000061d       0x79 ./Core/Src/img.o
 .debug_abbrev  0x0000000000000696      0x205 ./Core/Src/init.o
 .debug_abbrev  0x000000000000089b      0x11d ./Core/Src/led.o
 .debug_abbrev  0x00000000000009b8       0x9c ./Core/Src/main.o
 .debug_abbrev  0x0000000000000a54      0x17f ./Core/Src/pot.o
 .debug_abbrev  0x0000000000000bd3      0x20a ./Core/Src/stm32f4xx_hal_msp.o
 .debug_abbrev  0x0000000000000ddd      0x184 ./Core/Src/stm32f4xx_it.o
 .debug_abbrev  0x0000000000000f61      0x116 ./Core/Src/system_stm32f4xx.o
 .debug_abbrev  0x0000000000001077      0x1bf ./Core/Src/timer.o
 .debug_abbrev  0x0000000000001236      0x14b ./Core/Src/ui.o
 .debug_abbrev  0x0000000000001381       0x12 ./Core/Startup/startup_stm32f446retx.o
 .debug_abbrev  0x0000000000001393      0x20d ./Drivers/STM32F4xx_HAL_Driver/Src/stm32f4xx_hal.o
 .debug_abbrev  0x00000000000015a0      0x316 ./Drivers/STM32F4xx_HAL_Driver/Src/stm32f4xx_hal_cortex.o
 .debug_abbrev  0x00000000000018b6      0x1c4 ./Drivers/STM32F4xx_HAL_Driver/Src/stm32f4xx_hal_gpio.o
 .debug_abbrev  0x0000000000001a7a      0x2aa ./Drivers/STM32F4xx_HAL_Driver/Src/stm32f4xx_hal_rcc.o
 .debug_abbrev  0x0000000000001d24      0x1fb ./Drivers/STM32F4xx_HAL_Driver/Src/stm32f4xx_hal_rcc_ex.o
 .debug_abbrev  0x0000000000001f1f      0x26e ./Drivers/STM32F4xx_HAL_Driver/Src/stm32f4xx_hal_spi.o
 .debug_abbrev  0x000000000000218d      0x25d ./Drivers/STM32F4xx_HAL_Driver/Src/stm32f4xx_hal_tim.o
 .debug_abbrev  0x00000000000023ea      0x265 ./Drivers/STM32F4xx_HAL_Driver/Src/stm32f4xx_hal_tim_ex.o
 .debug_abbrev  0x000000000000264f      0x2f4 ./Drivers/STM32F4xx_HAL_Driver/Src/stm32f4xx_hal_uart.o

.debug_aranges  0x0000000000000000     0x1000
 .debug_aranges
                0x0000000000000000       0x38 ./Core/Src/button.o
 .debug_aranges
                0x0000000000000038       0x58 ./Core/Src/display.o
 .debug_aranges
                0x0000000000000090       0x38 ./Core/Src/encoder.o
 .debug_aranges
                0x00000000000000c8       0x50 ./Core/Src/gfx.o
 .debug_aranges
                0x0000000000000118       0x18 ./Core/Src/img.o
 .debug_aranges
                0x0000000000000130       0x50 ./Core/Src/init.o
 .debug_aranges
                0x0000000000000180       0x38 ./Core/Src/led.o
 .debug_aranges
                0x00000000000001b8       0x20 ./Core/Src/main.o
 .debug_aranges
                0x00000000000001d8       0x30 ./Core/Src/pot.o
 .debug_aranges
                0x0000000000000208       0x50 ./Core/Src/stm32f4xx_hal_msp.o
 .debug_aranges
                0x0000000000000258       0x70 ./Core/Src/stm32f4xx_it.o
 .debug_aranges
                0x00000000000002c8       0x28 ./Core/Src/system_stm32f4xx.o
 .debug_aranges
                0x00000000000002f0       0x28 ./Core/Src/timer.o
 .debug_aranges
                0x0000000000000318       0x58 ./Core/Src/ui.o
 .debug_aranges
                0x0000000000000370       0x28 ./Core/Startup/startup_stm32f446retx.o
 .debug_aranges
                0x0000000000000398       0xf0 ./Drivers/STM32F4xx_HAL_Driver/Src/stm32f4xx_hal.o
 .debug_aranges
                0x0000000000000488      0x118 ./Drivers/STM32F4xx_HAL_Driver/Src/stm32f4xx_hal_cortex.o
 .debug_aranges
                0x00000000000005a0       0x58 ./Drivers/STM32F4xx_HAL_Driver/Src/stm32f4xx_hal_gpio.o
 .debug_aranges
                0x00000000000005f8       0x88 ./Drivers/STM32F4xx_HAL_Driver/Src/stm32f4xx_hal_rcc.o
 .debug_aranges
                0x0000000000000680       0x78 ./Drivers/STM32F4xx_HAL_Driver/Src/stm32f4xx_hal_rcc_ex.o
 .debug_aranges
                0x00000000000006f8      0x1d0 ./Drivers/STM32F4xx_HAL_Driver/Src/stm32f4xx_hal_spi.o
 .debug_aranges
                0x00000000000008c8      0x3d0 ./Drivers/STM32F4xx_HAL_Driver/Src/stm32f4xx_hal_tim.o
 .debug_aranges
                0x0000000000000c98      0x168 ./Drivers/STM32F4xx_HAL_Driver/Src/stm32f4xx_hal_tim_ex.o
 .debug_aranges
                0x0000000000000e00      0x200 ./Drivers/STM32F4xx_HAL_Driver/Src/stm32f4xx_hal_uart.o

.debug_ranges   0x0000000000000000      0xeb0
 .debug_ranges  0x0000000000000000       0x28 ./Core/Src/button.o
 .debug_ranges  0x0000000000000028       0x48 ./Core/Src/display.o
 .debug_ranges  0x0000000000000070       0x28 ./Core/Src/encoder.o
 .debug_ranges  0x0000000000000098       0x40 ./Core/Src/gfx.o
 .debug_ranges  0x00000000000000d8       0x40 ./Core/Src/init.o
 .debug_ranges  0x0000000000000118       0x28 ./Core/Src/led.o
 .debug_ranges  0x0000000000000140       0x10 ./Core/Src/main.o
 .debug_ranges  0x0000000000000150       0x20 ./Core/Src/pot.o
 .debug_ranges  0x0000000000000170       0x40 ./Core/Src/stm32f4xx_hal_msp.o
 .debug_ranges  0x00000000000001b0       0x60 ./Core/Src/stm32f4xx_it.o
 .debug_ranges  0x0000000000000210       0x18 ./Core/Src/system_stm32f4xx.o
 .debug_ranges  0x0000000000000228       0x18 ./Core/Src/timer.o
 .debug_ranges  0x0000000000000240       0x48 ./Core/Src/ui.o
 .debug_ranges  0x0000000000000288       0x20 ./Core/Startup/startup_stm32f446retx.o
 .debug_ranges  0x00000000000002a8       0xe0 ./Drivers/STM32F4xx_HAL_Driver/Src/stm32f4xx_hal.o
 .debug_ranges  0x0000000000000388      0x108 ./Drivers/STM32F4xx_HAL_Driver/Src/stm32f4xx_hal_cortex.o
 .debug_ranges  0x0000000000000490       0x48 ./Drivers/STM32F4xx_HAL_Driver/Src/stm32f4xx_hal_gpio.o
 .debug_ranges  0x00000000000004d8       0x78 ./Drivers/STM32F4xx_HAL_Driver/Src/stm32f4xx_hal_rcc.o
 .debug_ranges  0x0000000000000550       0x68 ./Drivers/STM32F4xx_HAL_Driver/Src/stm32f4xx_hal_rcc_ex.o
 .debug_ranges  0x00000000000005b8      0x1c0 ./Drivers/STM32F4xx_HAL_Driver/Src/stm32f4xx_hal_spi.o
 .debug_ranges  0x0000000000000778      0x3c0 ./Drivers/STM32F4xx_HAL_Driver/Src/stm32f4xx_hal_tim.o
 .debug_ranges  0x0000000000000b38      0x158 ./Drivers/STM32F4xx_HAL_Driver/Src/stm32f4xx_hal_tim_ex.o
 .debug_ranges  0x0000000000000c90      0x220 ./Drivers/STM32F4xx_HAL_Driver/Src/stm32f4xx_hal_uart.o

.debug_macro    0x0000000000000000    0x225a6
 .debug_macro   0x0000000000000000      0x226 ./Core/Src/button.o
 .debug_macro   0x0000000000000226      0xa78 ./Core/Src/button.o
 .debug_macro   0x0000000000000c9e      0x174 ./Core/Src/button.o
 .debug_macro   0x0000000000000e12       0x22 ./Core/Src/button.o
 .debug_macro   0x0000000000000e34       0x8e ./Core/Src/button.o
 .debug_macro   0x0000000000000ec2       0x51 ./Core/Src/button.o
 .debug_macro   0x0000000000000f13      0x103 ./Core/Src/button.o
 .debug_macro   0x0000000000001016       0x6a ./Core/Src/button.o
 .debug_macro   0x0000000000001080      0x1df ./Core/Src/button.o
 .debug_macro   0x000000000000125f       0x22 ./Core/Src/button.o
 .debug_macro   0x0000000000001281      0x2a1 ./Core/Src/button.o
 .debug_macro   0x0000000000001522       0x2e ./Core/Src/button.o
 .debug_macro   0x0000000000001550       0x28 ./Core/Src/button.o
 .debug_macro   0x0000000000001578       0x1c ./Core/Src/button.o
 .debug_macro   0x0000000000001594       0x22 ./Core/Src/button.o
 .debug_macro   0x00000000000015b6       0xd9 ./Core/Src/button.o
 .debug_macro   0x000000000000168f     0x102d ./Core/Src/button.o
 .debug_macro   0x00000000000026bc      0x11f ./Core/Src/button.o
 .debug_macro   0x00000000000027db    0x16749 ./Core/Src/button.o
 .debug_macro   0x0000000000018f24       0x6d ./Core/Src/button.o
 .debug_macro   0x0000000000018f91     0x367e ./Core/Src/button.o
 .debug_macro   0x000000000001c60f       0x5c ./Core/Src/button.o
 .debug_macro   0x000000000001c66b      0xc90 ./Core/Src/button.o
 .debug_macro   0x000000000001d2fb      0x9fe ./Core/Src/button.o
 .debug_macro   0x000000000001dcf9      0x115 ./Core/Src/button.o
 .debug_macro   0x000000000001de0e      0x1a0 ./Core/Src/button.o
 .debug_macro   0x000000000001dfae       0xa5 ./Core/Src/button.o
 .debug_macro   0x000000000001e053      0x16d ./Core/Src/button.o
 .debug_macro   0x000000000001e1c0      0x287 ./Core/Src/button.o
 .debug_macro   0x000000000001e447       0x5f ./Core/Src/button.o
 .debug_macro   0x000000000001e4a6      0x236 ./Core/Src/button.o
 .debug_macro   0x000000000001e6dc      0x132 ./Core/Src/button.o
 .debug_macro   0x000000000001e80e      0x29c ./Core/Src/button.o
 .debug_macro   0x000000000001eaaa       0x2e ./Core/Src/button.o
 .debug_macro   0x000000000001ead8      0x11a ./Core/Src/button.o
 .debug_macro   0x000000000001ebf2       0xe8 ./Core/Src/button.o
 .debug_macro   0x000000000001ecda       0x89 ./Core/Src/button.o
 .debug_macro   0x000000000001ed63      0x225 ./Core/Src/button.o
 .debug_macro   0x000000000001ef88      0x8e6 ./Core/Src/button.o
 .debug_macro   0x000000000001f86e       0x4d ./Core/Src/button.o
 .debug_macro   0x000000000001f8bb      0x295 ./Core/Src/button.o
 .debug_macro   0x000000000001fb50      0x126 ./Core/Src/button.o
 .debug_macro   0x000000000001fc76       0x7c ./Core/Src/button.o
 .debug_macro   0x000000000001fcf2       0x16 ./Core/Src/button.o
 .debug_macro   0x000000000001fd08       0x34 ./Core/Src/button.o
 .debug_macro   0x000000000001fd3c      0x1fa ./Core/Src/display.o
 .debug_macro   0x000000000001ff36      0x1f1 ./Core/Src/encoder.o
 .debug_macro   0x0000000000020127      0x238 ./Core/Src/gfx.o
 .debug_macro   0x000000000002035f       0x6c ./Core/Src/img.o
 .debug_macro   0x00000000000203cb      0x1f1 ./Core/Src/init.o
 .debug_macro   0x00000000000205bc      0x1f1 ./Core/Src/led.o
 .debug_macro   0x00000000000207ad      0x270 ./Core/Src/main.o
 .debug_macro   0x0000000000020a1d      0x1f7 ./Core/Src/pot.o
 .debug_macro   0x0000000000020c14      0x1e7 ./Core/Src/stm32f4xx_hal_msp.o
 .debug_macro   0x0000000000020dfb      0x1f1 ./Core/Src/stm32f4xx_it.o
 .debug_macro   0x0000000000020fec      0x1d8 ./Core/Src/system_stm32f4xx.o
 .debug_macro   0x00000000000211c4      0x218 ./Core/Src/timer.o
 .debug_macro   0x00000000000213dc       0x97 ./Core/Src/ui.o
 .debug_macro   0x0000000000021473      0x238 ./Drivers/STM32F4xx_HAL_Driver/Src/stm32f4xx_hal.o
 .debug_macro   0x00000000000216ab      0x1d8 ./Drivers/STM32F4xx_HAL_Driver/Src/stm32f4xx_hal_cortex.o
 .debug_macro   0x0000000000021883      0x1de ./Drivers/STM32F4xx_HAL_Driver/Src/stm32f4xx_hal_gpio.o
 .debug_macro   0x0000000000021a61      0x1fc ./Drivers/STM32F4xx_HAL_Driver/Src/stm32f4xx_hal_rcc.o
 .debug_macro   0x0000000000021c5d      0x1d8 ./Drivers/STM32F4xx_HAL_Driver/Src/stm32f4xx_hal_rcc_ex.o
 .debug_macro   0x0000000000021e35      0x1e7 ./Drivers/STM32F4xx_HAL_Driver/Src/stm32f4xx_hal_spi.o
 .debug_macro   0x000000000002201c      0x1d9 ./Drivers/STM32F4xx_HAL_Driver/Src/stm32f4xx_hal_tim.o
 .debug_macro   0x00000000000221f5      0x1d8 ./Drivers/STM32F4xx_HAL_Driver/Src/stm32f4xx_hal_tim_ex.o
 .debug_macro   0x00000000000223cd      0x1d9 ./Drivers/STM32F4xx_HAL_Driver/Src/stm32f4xx_hal_uart.o

.debug_line     0x0000000000000000    0x13fcd
 .debug_line    0x0000000000000000      0x79e ./Core/Src/button.o
 .debug_line    0x000000000000079e      0x838 ./Core/Src/display.o
 .debug_line    0x0000000000000fd6      0x784 ./Core/Src/encoder.o
 .debug_line    0x000000000000175a      0x953 ./Core/Src/gfx.o
 .debug_line    0x00000000000020ad      0x383 ./Core/Src/img.o
 .debug_line    0x0000000000002430      0x8a4 ./Core/Src/init.o
 .debug_line    0x0000000000002cd4      0x73f ./Core/Src/led.o
 .debug_line    0x0000000000003413      0x761 ./Core/Src/main.o
 .debug_line    0x0000000000003b74      0x749 ./Core/Src/pot.o
 .debug_line    0x00000000000042bd      0x7f5 ./Core/Src/stm32f4xx_hal_msp.o
 .debug_line    0x0000000000004ab2      0x7cd ./Core/Src/stm32f4xx_it.o
 .debug_line    0x000000000000527f      0x75c ./Core/Src/system_stm32f4xx.o
 .debug_line    0x00000000000059db      0x73e ./Core/Src/timer.o
 .debug_line    0x0000000000006119      0x490 ./Core/Src/ui.o
 .debug_line    0x00000000000065a9       0x88 ./Core/Startup/startup_stm32f446retx.o
 .debug_line    0x0000000000006631      0x9c2 ./Drivers/STM32F4xx_HAL_Driver/Src/stm32f4xx_hal.o
 .debug_line    0x0000000000006ff3      0xc71 ./Drivers/STM32F4xx_HAL_Driver/Src/stm32f4xx_hal_cortex.o
 .debug_line    0x0000000000007c64      0xb22 ./Drivers/STM32F4xx_HAL_Driver/Src/stm32f4xx_hal_gpio.o
 .debug_line    0x0000000000008786      0xd4a ./Drivers/STM32F4xx_HAL_Driver/Src/stm32f4xx_hal_rcc.o
 .debug_line    0x00000000000094d0     0x13d5 ./Drivers/STM32F4xx_HAL_Driver/Src/stm32f4xx_hal_rcc_ex.o
 .debug_line    0x000000000000a8a5     0x1c4c ./Drivers/STM32F4xx_HAL_Driver/Src/stm32f4xx_hal_spi.o
 .debug_line    0x000000000000c4f1     0x36b6 ./Drivers/STM32F4xx_HAL_Driver/Src/stm32f4xx_hal_tim.o
 .debug_line    0x000000000000fba7     0x19bf ./Drivers/STM32F4xx_HAL_Driver/Src/stm32f4xx_hal_tim_ex.o
 .debug_line    0x0000000000011566     0x2a67 ./Drivers/STM32F4xx_HAL_Driver/Src/stm32f4xx_hal_uart.o

.debug_str      0x0000000000000000    0xcf1a7
 .debug_str     0x0000000000000000    0xca613 ./Core/Src/button.o
                                      0xca89e (size before relaxing)
 .debug_str     0x00000000000ca613      0x865 ./Core/Src/display.o
                                      0xcaf20 (size before relaxing)
 .debug_str     0x00000000000cae78       0xbf ./Core/Src/encoder.o
                                      0xca716 (size before relaxing)
 .debug_str     0x00000000000caf37      0x16d ./Core/Src/gfx.o
                                      0xcabf7 (size before relaxing)
 .debug_str     0x00000000000cb0a4       0x44 ./Core/Src/img.o
                                       0x3c83 (size before relaxing)
 .debug_str     0x00000000000cb0e8      0x834 ./Core/Src/init.o
                                      0xcb393 (size before relaxing)
 .debug_str     0x00000000000cb91c       0x44 ./Core/Src/led.o
                                      0xca6d9 (size before relaxing)
 .debug_str     0x00000000000cb960       0x8d ./Core/Src/main.o
                                      0xcab97 (size before relaxing)
 .debug_str     0x00000000000cb9ed       0xa7 ./Core/Src/pot.o
                                      0xca6cb (size before relaxing)
 .debug_str     0x00000000000cba94      0x628 ./Core/Src/stm32f4xx_hal_msp.o
                                      0xcb669 (size before relaxing)
 .debug_str     0x00000000000cc0bc       0xea ./Core/Src/stm32f4xx_it.o
                                      0xcabf9 (size before relaxing)
 .debug_str     0x00000000000cc1a6       0xdb ./Core/Src/system_stm32f4xx.o
                                      0xca61d (size before relaxing)
 .debug_str     0x00000000000cc281       0xdb ./Core/Src/timer.o
                                      0xcabc5 (size before relaxing)
 .debug_str     0x00000000000cc35c       0xf4 ./Core/Src/ui.o
                                       0x3ef6 (size before relaxing)
 .debug_str     0x00000000000cc450       0x36 ./Core/Startup/startup_stm32f446retx.o
                                         0x71 (size before relaxing)
 .debug_str     0x00000000000cc486      0x5e6 ./Drivers/STM32F4xx_HAL_Driver/Src/stm32f4xx_hal.o
                                      0xcb1e2 (size before relaxing)
 .debug_str     0x00000000000cca6c      0x326 ./Drivers/STM32F4xx_HAL_Driver/Src/stm32f4xx_hal_cortex.o
                                      0xcaef0 (size before relaxing)
 .debug_str     0x00000000000ccd92       0xf8 ./Drivers/STM32F4xx_HAL_Driver/Src/stm32f4xx_hal_gpio.o
                                      0xca798 (size before relaxing)
 .debug_str     0x00000000000cce8a      0x233 ./Drivers/STM32F4xx_HAL_Driver/Src/stm32f4xx_hal_rcc.o
                                      0xcaa56 (size before relaxing)
 .debug_str     0x00000000000cd0bd      0x324 ./Drivers/STM32F4xx_HAL_Driver/Src/stm32f4xx_hal_rcc_ex.o
                                      0xcaa89 (size before relaxing)
 .debug_str     0x00000000000cd3e1      0x58c ./Drivers/STM32F4xx_HAL_Driver/Src/stm32f4xx_hal_spi.o
                                      0xcaebc (size before relaxing)
 .debug_str     0x00000000000cd96d      0xda8 ./Drivers/STM32F4xx_HAL_Driver/Src/stm32f4xx_hal_tim.o
                                      0xcb972 (size before relaxing)
 .debug_str     0x00000000000ce715      0x493 ./Drivers/STM32F4xx_HAL_Driver/Src/stm32f4xx_hal_tim_ex.o
                                      0xcb18e (size before relaxing)
 .debug_str     0x00000000000ceba8      0x5ff ./Drivers/STM32F4xx_HAL_Driver/Src/stm32f4xx_hal_uart.o
                                      0xcafcb (size before relaxing)

.comment        0x0000000000000000       0x50
 .comment       0x0000000000000000       0x50 ./Core/Src/button.o
                                         0x51 (size before relaxing)
 .comment       0x0000000000000050       0x51 ./Core/Src/display.o
 .comment       0x0000000000000050       0x51 ./Core/Src/encoder.o
 .comment       0x0000000000000050       0x51 ./Core/Src/gfx.o
 .comment       0x0000000000000050       0x51 ./Core/Src/img.o
 .comment       0x0000000000000050       0x51 ./Core/Src/init.o
 .comment       0x0000000000000050       0x51 ./Core/Src/led.o
 .comment       0x0000000000000050       0x51 ./Core/Src/main.o
 .comment       0x0000000000000050       0x51 ./Core/Src/pot.o
 .comment       0x0000000000000050       0x51 ./Core/Src/stm32f4xx_hal_msp.o
 .comment       0x0000000000000050       0x51 ./Core/Src/stm32f4xx_it.o
 .comment       0x0000000000000050       0x51 ./Core/Src/system_stm32f4xx.o
 .comment       0x0000000000000050       0x51 ./Core/Src/timer.o
 .comment       0x0000000000000050       0x51 ./Core/Src/ui.o
 .comment       0x0000000000000050       0x51 ./Drivers/STM32F4xx_HAL_Driver/Src/stm32f4xx_hal.o
 .comment       0x0000000000000050       0x51 ./Drivers/STM32F4xx_HAL_Driver/Src/stm32f4xx_hal_cortex.o
 .comment       0x0000000000000050       0x51 ./Drivers/STM32F4xx_HAL_Driver/Src/stm32f4xx_hal_gpio.o
 .comment       0x0000000000000050       0x51 ./Drivers/STM32F4xx_HAL_Driver/Src/stm32f4xx_hal_rcc.o
 .comment       0x0000000000000050       0x51 ./Drivers/STM32F4xx_HAL_Driver/Src/stm32f4xx_hal_rcc_ex.o
 .comment       0x0000000000000050       0x51 ./Drivers/STM32F4xx_HAL_Driver/Src/stm32f4xx_hal_spi.o
 .comment       0x0000000000000050       0x51 ./Drivers/STM32F4xx_HAL_Driver/Src/stm32f4xx_hal_tim.o
 .comment       0x0000000000000050       0x51 ./Drivers/STM32F4xx_HAL_Driver/Src/stm32f4xx_hal_tim_ex.o
 .comment       0x0000000000000050       0x51 ./Drivers/STM32F4xx_HAL_Driver/Src/stm32f4xx_hal_uart.o

.debug_frame    0x0000000000000000     0x4120
 .debug_frame   0x0000000000000000       0xa8 ./Core/Src/button.o
 .debug_frame   0x00000000000000a8      0x124 ./Core/Src/display.o
 .debug_frame   0x00000000000001cc       0xac ./Core/Src/encoder.o
 .debug_frame   0x0000000000000278      0x118 ./Core/Src/gfx.o
 .debug_frame   0x0000000000000390       0xf0 ./Core/Src/init.o
 .debug_frame   0x0000000000000480       0x98 ./Core/Src/led.o
 .debug_frame   0x0000000000000518       0x2c ./Core/Src/main.o
 .debug_frame   0x0000000000000544       0x84 ./Core/Src/pot.o
 .debug_frame   0x00000000000005c8      0x10c ./Core/Src/stm32f4xx_hal_msp.o
 .debug_frame   0x00000000000006d4      0x13c ./Core/Src/stm32f4xx_it.o
 .debug_frame   0x0000000000000810       0x58 ./Core/Src/system_stm32f4xx.o
 .debug_frame   0x0000000000000868       0x50 ./Core/Src/timer.o
 .debug_frame   0x00000000000008b8      0x13c ./Core/Src/ui.o
 .debug_frame   0x00000000000009f4      0x374 ./Drivers/STM32F4xx_HAL_Driver/Src/stm32f4xx_hal.o
 .debug_frame   0x0000000000000d68      0x498 ./Drivers/STM32F4xx_HAL_Driver/Src/stm32f4xx_hal_cortex.o
 .debug_frame   0x0000000000001200      0x14c ./Drivers/STM32F4xx_HAL_Driver/Src/stm32f4xx_hal_gpio.o
 .debug_frame   0x000000000000134c      0x1f4 ./Drivers/STM32F4xx_HAL_Driver/Src/stm32f4xx_hal_rcc.o
 .debug_frame   0x0000000000001540      0x1e8 ./Drivers/STM32F4xx_HAL_Driver/Src/stm32f4xx_hal_rcc_ex.o
 .debug_frame   0x0000000000001728      0x824 ./Drivers/STM32F4xx_HAL_Driver/Src/stm32f4xx_hal_spi.o
 .debug_frame   0x0000000000001f4c     0x11c4 ./Drivers/STM32F4xx_HAL_Driver/Src/stm32f4xx_hal_tim.o
 .debug_frame   0x0000000000003110      0x638 ./Drivers/STM32F4xx_HAL_Driver/Src/stm32f4xx_hal_tim_ex.o
 .debug_frame   0x0000000000003748      0x92c ./Drivers/STM32F4xx_HAL_Driver/Src/stm32f4xx_hal_uart.o
 .debug_frame   0x0000000000004074       0x2c c:/st/stm32cubeide_1.11.0/stm32cubeide/plugins/com.st.stm32cube.ide.mcu.externaltools.gnu-tools-for-stm32.10.3-2021.10.win32_1.0.100.202210260954/tools/bin/../lib/gcc/arm-none-eabi/10.3.1/../../../../arm-none-eabi/lib/thumb/v7e-m+fp/hard\libc_nano.a(lib_a-init.o)
 .debug_frame   0x00000000000040a0       0x20 c:/st/stm32cubeide_1.11.0/stm32cubeide/plugins/com.st.stm32cube.ide.mcu.externaltools.gnu-tools-for-stm32.10.3-2021.10.win32_1.0.100.202210260954/tools/bin/../lib/gcc/arm-none-eabi/10.3.1/../../../../arm-none-eabi/lib/thumb/v7e-m+fp/hard\libc_nano.a(lib_a-memset.o)
 .debug_frame   0x00000000000040c0       0x2c c:/st/stm32cubeide_1.11.0/stm32cubeide/plugins/com.st.stm32cube.ide.mcu.externaltools.gnu-tools-for-stm32.10.3-2021.10.win32_1.0.100.202210260954/tools/bin/../lib/gcc/arm-none-eabi/10.3.1/thumb/v7e-m+fp/hard\libgcc.a(_aeabi_uldivmod.o)
 .debug_frame   0x00000000000040ec       0x34 c:/st/stm32cubeide_1.11.0/stm32cubeide/plugins/com.st.stm32cube.ide.mcu.externaltools.gnu-tools-for-stm32.10.3-2021.10.win32_1.0.100.202210260954/tools/bin/../lib/gcc/arm-none-eabi/10.3.1/thumb/v7e-m+fp/hard\libgcc.a(_udivmoddi4.o)
