Archive member included to satisfy reference by file (symbol)

c:/st/stm32cubeide_1.11.0/stm32cubeide/plugins/com.st.stm32cube.ide.mcu.externaltools.gnu-tools-for-stm32.10.3-2021.10.win32_1.0.100.202210260954/tools/bin/../lib/gcc/arm-none-eabi/10.3.1/../../../../arm-none-eabi/lib/thumb/v7e-m+fp/hard\libc_nano.a(lib_a-errno.o)
                              ./Core/Src/syscalls.o (__errno)
c:/st/stm32cubeide_1.11.0/stm32cubeide/plugins/com.st.stm32cube.ide.mcu.externaltools.gnu-tools-for-stm32.10.3-2021.10.win32_1.0.100.202210260954/tools/bin/../lib/gcc/arm-none-eabi/10.3.1/../../../../arm-none-eabi/lib/thumb/v7e-m+fp/hard\libc_nano.a(lib_a-exit.o)
                              c:/st/stm32cubeide_1.11.0/stm32cubeide/plugins/com.st.stm32cube.ide.mcu.externaltools.gnu-tools-for-stm32.10.3-2021.10.win32_1.0.100.202210260954/tools/bin/../lib/gcc/arm-none-eabi/10.3.1/../../../../arm-none-eabi/lib/thumb/v7e-m+fp/hard/crt0.o (exit)
c:/st/stm32cubeide_1.11.0/stm32cubeide/plugins/com.st.stm32cube.ide.mcu.externaltools.gnu-tools-for-stm32.10.3-2021.10.win32_1.0.100.202210260954/tools/bin/../lib/gcc/arm-none-eabi/10.3.1/../../../../arm-none-eabi/lib/thumb/v7e-m+fp/hard\libc_nano.a(lib_a-impure.o)
                              c:/st/stm32cubeide_1.11.0/stm32cubeide/plugins/com.st.stm32cube.ide.mcu.externaltools.gnu-tools-for-stm32.10.3-2021.10.win32_1.0.100.202210260954/tools/bin/../lib/gcc/arm-none-eabi/10.3.1/../../../../arm-none-eabi/lib/thumb/v7e-m+fp/hard\libc_nano.a(lib_a-exit.o) (_global_impure_ptr)
c:/st/stm32cubeide_1.11.0/stm32cubeide/plugins/com.st.stm32cube.ide.mcu.externaltools.gnu-tools-for-stm32.10.3-2021.10.win32_1.0.100.202210260954/tools/bin/../lib/gcc/arm-none-eabi/10.3.1/../../../../arm-none-eabi/lib/thumb/v7e-m+fp/hard\libc_nano.a(lib_a-init.o)
                              c:/st/stm32cubeide_1.11.0/stm32cubeide/plugins/com.st.stm32cube.ide.mcu.externaltools.gnu-tools-for-stm32.10.3-2021.10.win32_1.0.100.202210260954/tools/bin/../lib/gcc/arm-none-eabi/10.3.1/../../../../arm-none-eabi/lib/thumb/v7e-m+fp/hard/crt0.o (__libc_init_array)
c:/st/stm32cubeide_1.11.0/stm32cubeide/plugins/com.st.stm32cube.ide.mcu.externaltools.gnu-tools-for-stm32.10.3-2021.10.win32_1.0.100.202210260954/tools/bin/../lib/gcc/arm-none-eabi/10.3.1/../../../../arm-none-eabi/lib/thumb/v7e-m+fp/hard\libc_nano.a(lib_a-memset.o)
                              c:/st/stm32cubeide_1.11.0/stm32cubeide/plugins/com.st.stm32cube.ide.mcu.externaltools.gnu-tools-for-stm32.10.3-2021.10.win32_1.0.100.202210260954/tools/bin/../lib/gcc/arm-none-eabi/10.3.1/../../../../arm-none-eabi/lib/thumb/v7e-m+fp/hard/crt0.o (memset)
c:/st/stm32cubeide_1.11.0/stm32cubeide/plugins/com.st.stm32cube.ide.mcu.externaltools.gnu-tools-for-stm32.10.3-2021.10.win32_1.0.100.202210260954/tools/bin/../lib/gcc/arm-none-eabi/10.3.1/thumb/v7e-m+fp/hard\libgcc.a(_aeabi_uldivmod.o)
                              ./Drivers/STM32F4xx_HAL_Driver/Src/stm32f4xx_hal_rcc.o (__aeabi_uldivmod)
c:/st/stm32cubeide_1.11.0/stm32cubeide/plugins/com.st.stm32cube.ide.mcu.externaltools.gnu-tools-for-stm32.10.3-2021.10.win32_1.0.100.202210260954/tools/bin/../lib/gcc/arm-none-eabi/10.3.1/thumb/v7e-m+fp/hard\libgcc.a(_udivmoddi4.o)
                              c:/st/stm32cubeide_1.11.0/stm32cubeide/plugins/com.st.stm32cube.ide.mcu.externaltools.gnu-tools-for-stm32.10.3-2021.10.win32_1.0.100.202210260954/tools/bin/../lib/gcc/arm-none-eabi/10.3.1/thumb/v7e-m+fp/hard\libgcc.a(_aeabi_uldivmod.o) (__udivmoddi4)
c:/st/stm32cubeide_1.11.0/stm32cubeide/plugins/com.st.stm32cube.ide.mcu.externaltools.gnu-tools-for-stm32.10.3-2021.10.win32_1.0.100.202210260954/tools/bin/../lib/gcc/arm-none-eabi/10.3.1/thumb/v7e-m+fp/hard\libgcc.a(_dvmd_tls.o)
                              c:/st/stm32cubeide_1.11.0/stm32cubeide/plugins/com.st.stm32cube.ide.mcu.externaltools.gnu-tools-for-stm32.10.3-2021.10.win32_1.0.100.202210260954/tools/bin/../lib/gcc/arm-none-eabi/10.3.1/thumb/v7e-m+fp/hard\libgcc.a(_aeabi_uldivmod.o) (__aeabi_ldiv0)

Discarded input sections

 .text          0x0000000000000000        0x0 c:/st/stm32cubeide_1.11.0/stm32cubeide/plugins/com.st.stm32cube.ide.mcu.externaltools.gnu-tools-for-stm32.10.3-2021.10.win32_1.0.100.202210260954/tools/bin/../lib/gcc/arm-none-eabi/10.3.1/thumb/v7e-m+fp/hard/crti.o
 .data          0x0000000000000000        0x0 c:/st/stm32cubeide_1.11.0/stm32cubeide/plugins/com.st.stm32cube.ide.mcu.externaltools.gnu-tools-for-stm32.10.3-2021.10.win32_1.0.100.202210260954/tools/bin/../lib/gcc/arm-none-eabi/10.3.1/thumb/v7e-m+fp/hard/crti.o
 .bss           0x0000000000000000        0x0 c:/st/stm32cubeide_1.11.0/stm32cubeide/plugins/com.st.stm32cube.ide.mcu.externaltools.gnu-tools-for-stm32.10.3-2021.10.win32_1.0.100.202210260954/tools/bin/../lib/gcc/arm-none-eabi/10.3.1/thumb/v7e-m+fp/hard/crti.o
[...]
Memory Configuration

Name             Origin             Length             Attributes
RAM              0x0000000020000000 0x0000000000020000 xrw
FLASH            0x0000000008000000 0x0000000000080000 xr
*default*        0x0000000000000000 0xffffffffffffffff

Linker script and memory map

LOAD c:/st/stm32cubeide_1.11.0/stm32cubeide/plugins/com.st.stm32cube.ide.mcu.externaltools.gnu-tools-for-stm32.10.3-2021.10.win32_1.0.100.202210260954/tools/bin/../lib/gcc/arm-none-eabi/10.3.1/thumb/v7e-m+fp/hard/crti.o
LOAD c:/st/stm32cubeide_1.11.0/stm32cubeide/plugins/com.st.stm32cube.ide.mcu.externaltools.gnu-tools-for-stm32.10.3-2021.10.win32_1.0.100.202210260954/tools/bin/../lib/gcc/arm-none-eabi/10.3.1/thumb/v7e-m+fp/hard/crtbegin.o
LOAD c:/st/stm32cubeide_1.11.0/stm32cubeide/plugins/com.st.stm32cube.ide.mcu.externaltools.gnu-tools-for-stm32.10.3-2021.10.win32_1.0.100.202210260954/tools/bin/../lib/gcc/arm-none-eabi/10.3.1/../../../../arm-none-eabi/lib/thumb/v7e-m+fp/hard/crt0.o
LOAD ./Core/Src/button.o
LOAD ./Core/Src/can.o
LOAD ./Core/Src/demo.o
LOAD ./Core/Src/display.o
LOAD ./Core/Src/encoder.o
LOAD ./Core/Src/gfx.o
LOAD ./Core/Src/img.o
LOAD ./Core/Src/init.o
LOAD ./Core/Src/led.o
LOAD ./Core/Src/main.o
LOAD ./Core/Src/pot.o
LOAD ./Core/Src/stm32f4xx_hal_msp.o
LOAD ./Core/Src/stm32f4xx_it.o
LOAD ./Core/Src/syscalls.o
LOAD ./Core/Src/sysmem.o
LOAD ./Core/Src/system_stm32f4xx.o
LOAD ./Core/Src/timer.o
LOAD ./Core/Src/ui.o
LOAD ./Core/Startup/startup_stm32f446retx.o
LOAD ./Drivers/STM32F4xx_HAL_Driver/Src/stm32f4xx_hal.o
LOAD ./Drivers/STM32F4xx_HAL_Driver/Src/stm32f4xx_hal_adc.o
LOAD ./Drivers/STM32F4xx_HAL_Driver/Src/stm32f4xx_hal_adc_ex.o
LOAD ./Drivers/STM32F4xx_HAL_Driver/Src/stm32f4xx_hal_cortex.o
LOAD ./Drivers/STM32F4xx_HAL_Driver/Src/stm32f4xx_hal_dma.o
LOAD ./Drivers/STM32F4xx_HAL_Driver/Src/stm32f4xx_hal_dma_ex.o
LOAD ./Drivers/STM32F4xx_HAL_Driver/Src/stm32f4xx_hal_exti.o
LOAD ./Drivers/STM32F4xx_HAL_Driver/Src/stm32f4xx_hal_flash.o
LOAD ./Drivers/STM32F4xx_HAL_Driver/Src/stm32f4xx_hal_flash_ex.o
LOAD ./Drivers/STM32F4xx_HAL_Driver/Src/stm32f4xx_hal_flash_ramfunc.o
LOAD ./Drivers/STM32F4xx_HAL_Driver/Src/stm32f4xx_hal_gpio.o
LOAD ./Drivers/STM32F4xx_HAL_Driver/Src/stm32f4xx_hal_i2c.o
LOAD ./Drivers/STM32F4xx_HAL_Driver/Src/stm32f4xx_hal_i2c_ex.o
LOAD ./Drivers/STM32F4xx_HAL_Driver/Src/stm32f4xx_hal_pwr.o
LOAD ./Drivers/STM32F4xx_HAL_Driver/Src/stm32f4xx_hal_pwr_ex.o
LOAD ./Drivers/STM32F4xx_HAL_Driver/Src/stm32f4xx_hal_rcc.o
LOAD ./Drivers/STM32F4xx_HAL_Driver/Src/stm32f4xx_hal_rcc_ex.o
LOAD ./Drivers/STM32F4xx_HAL_Driver/Src/stm32f4xx_hal_spi.o
LOAD ./Drivers/STM32F4xx_HAL_Driver/Src/stm32f4xx_hal_tim.o
LOAD ./Drivers/STM32F4xx_HAL_Driver/Src/stm32f4xx_hal_tim_ex.o
LOAD ./Drivers/STM32F4xx_HAL_Driver/Src/stm32f4xx_hal_uart.o
LOAD ./Drivers/STM32F4xx_HAL_Driver/Src/stm32f4xx_ll_adc.o
START GROUP
LOAD c:/st/stm32cubeide_1.11.0/stm32cubeide/plugins/com.st.stm32cube.ide.mcu.externaltools.gnu-tools-for-stm32.10.3-2021.10.win32_1.0.100.202210260954/tools/bin/../lib/gcc/arm-none-eabi/10.3.1/../../../../arm-none-eabi/lib/thumb/v7e-m+fp/hard\libc_nano.a
LOAD c:/st/stm32cubeide_1.11.0/stm32cubeide/plugins/com.st.stm32cube.ide.mcu.externaltools.gnu-tools-for-stm32.10.3-2021.10.win32_1.0.100.202210260954/tools/bin/../lib/gcc/arm-none-eabi/10.3.1/../../../../arm-none-eabi/lib/thumb/v7e-m+fp/hard\libm.a
END GROUP
START GROUP
LOAD c:/st/stm32cubeide_1.11.0/stm32cubeide/plugins/com.st.stm32cube.ide.mcu.externaltools.gnu-tools-for-stm32.10.3-2021.10.win32_1.0.100.202210260954/tools/bin/../lib/gcc/arm-none-eabi/10.3.1/thumb/v7e-m+fp/hard\libgcc.a
LOAD c:/st/stm32cubeide_1.11.0/stm32cubeide/plugins/com.st.stm32cube.ide.mcu.externaltools.gnu-tools-for-stm32.10.3-2021.10.win32_1.0.100.202210260954/tools/bin/../lib/gcc/arm-none-eabi/10.3.1/../../../../arm-none-eabi/lib/thumb/v7e-m+fp/hard\libc_nano.a
END GROUP
START GROUP
LOAD c:/st/stm32cubeide_1.11.0/stm32cubeide/plugins/com.st.stm32cube.ide.mcu.externaltools.gnu-tools-for-stm32.10.3-2021.10.win32_1.0.100.202210260954/tools/bin/../lib/gcc/arm-none-eabi/10.3.1/thumb/v7e-m+fp/hard\libgcc.a
LOAD c:/st/stm32cubeide_1.11.0/stm32cubeide/plugins/com.st.stm32cube.ide.mcu.externaltools.gnu-tools-for-stm32.10.3-2021.10.win32_1.0.100.202210260954/tools/bin/../lib/gcc/arm-none-eabi/10.3.1/../../../../arm-none-eabi/lib/thumb/v7e-m+fp/hard\libc_nano.a
LOAD c:/st/stm32cubeide_1.11.0/stm32cubeide/plugins/com.st.stm32cube.ide.mcu.externaltools.gnu-tools-for-stm32.10.3-2021.10.win32_1.0.100.202210260954/tools/bin/../lib/gcc/arm-none-eabi/10.3.1/../../../../arm-none-eabi/lib/thumb/v7e-m+fp/hard\libnosys.a
END GROUP
START GROUP
LOAD c:/st/stm32cubeide_1.11.0/stm32cubeide/plugins/com.st.stm32cube.ide.mcu.externaltools.gnu-tools-for-stm32.10.3-2021.10.win32_1.0.100.202210260954/tools/bin/../lib/gcc/arm-none-eabi/10.3.1/thumb/v7e-m+fp/hard\libgcc.a
LOAD c:/st/stm32cubeide_1.11.0/stm32cubeide/plugins/com.st.stm32cube.ide.mcu.externaltools.gnu-tools-for-stm32.10.3-2021.10.win32_1.0.100.202210260954/tools/bin/../lib/gcc/arm-none-eabi/10.3.1/../../../../arm-none-eabi/lib/thumb/v7e-m+fp/hard\libc_nano.a
LOAD c:/st/stm32cubeide_1.11.0/stm32cubeide/plugins/com.st.stm32cube.ide.mcu.externaltools.gnu-tools-for-stm32.10.3-2021.10.win32_1.0.100.202210260954/tools/bin/../lib/gcc/arm-none-eabi/10.3.1/../../../../arm-none-eabi/lib/thumb/v7e-m+fp/hard\libnosys.a
END GROUP
LOAD c:/st/stm32cubeide_1.11.0/stm32cubeide/plugins/com.st.stm32cube.ide.mcu.externaltools.gnu-tools-for-stm32.10.3-2021.10.win32_1.0.100.202210260954/tools/bin/../lib/gcc/arm-none-eabi/10.3.1/thumb/v7e-m+fp/hard/crtend.o
LOAD c:/st/stm32cubeide_1.11.0/stm32cubeide/plugins/com.st.stm32cube.ide.mcu.externaltools.gnu-tools-for-stm32.10.3-2021.10.win32_1.0.100.202210260954/tools/bin/../lib/gcc/arm-none-eabi/10.3.1/thumb/v7e-m+fp/hard/crtn.o
                0x0000000020020000                _estack = (ORIGIN (RAM) + LENGTH (RAM))
                0x0000000000000200                _Min_Heap_Size = 0x200
                0x0000000000000400                _Min_Stack_Size = 0x400

.isr_vector     0x0000000008000000      0x1c4
                0x0000000008000000                . = ALIGN (0x4)
 *(.isr_vector)
 .isr_vector    0x0000000008000000      0x1c4 ./Core/Startup/startup_stm32f446retx.o
                0x0000000008000000                g_pfnVectors
                0x00000000080001c4                . = ALIGN (0x4)

.text           0x00000000080001c4     0x5030
                0x00000000080001c4                . = ALIGN (0x4)
 *(.text)
 .text          0x00000000080001c4       0x40 c:/st/stm32cubeide_1.11.0/stm32cubeide/plugins/com.st.stm32cube.ide.mcu.externaltools.gnu-tools-for-stm32.10.3-2021.10.win32_1.0.100.202210260954/tools/bin/../lib/gcc/arm-none-eabi/10.3.1/thumb/v7e-m+fp/hard/crtbegin.o
 .text          0x0000000008000204       0x30 c:/st/stm32cubeide_1.11.0/stm32cubeide/plugins/com.st.stm32cube.ide.mcu.externaltools.gnu-tools-for-stm32.10.3-2021.10.win32_1.0.100.202210260954/tools/bin/../lib/gcc/arm-none-eabi/10.3.1/thumb/v7e-m+fp/hard\libgcc.a(_aeabi_uldivmod.o)
                0x0000000008000204                __aeabi_uldivmod
 .text          0x0000000008000234      0x2d0 c:/st/stm32cubeide_1.11.0/stm32cubeide/plugins/com.st.stm32cube.ide.mcu.externaltools.gnu-tools-for-stm32.10.3-2021.10.win32_1.0.100.202210260954/tools/bin/../lib/gcc/arm-none-eabi/10.3.1/thumb/v7e-m+fp/hard\libgcc.a(_udivmoddi4.o)
                0x0000000008000234                __udivmoddi4
 .text          0x0000000008000504        0x4 c:/st/stm32cubeide_1.11.0/stm32cubeide/plugins/com.st.stm32cube.ide.mcu.externaltools.gnu-tools-for-stm32.10.3-2021.10.win32_1.0.100.202210260954/tools/bin/../lib/gcc/arm-none-eabi/10.3.1/thumb/v7e-m+fp/hard\libgcc.a(_dvmd_tls.o)
                0x0000000008000504                __aeabi_idiv0
                0x0000000008000504                __aeabi_ldiv0
 *(.text*)
 .text.Button_Init
                0x0000000008000508       0xe8 ./Core/Src/button.o
                0x0000000008000508                Button_Init
 .text.Button_PressedHandler
                0x00000000080005f0       0x4c ./Core/Src/button.o
 .text.Button_ReleasedHandler
                0x000000000800063c       0x48 ./Core/Src/button.o
 .text.Button_Debounce
                0x0000000008000684       0x9c ./Core/Src/button.o
                0x0000000008000684                Button_Debounce
 .text.Display_Init
                0x0000000008000720       0x4e ./Core/Src/display.o
                0x0000000008000720                Display_Init
 *fill*         0x000000000800076e        0x2 
 .text.Display_HWReset
                0x0000000008000770       0x2c ./Core/Src/display.o
                0x0000000008000770                Display_HWReset
 .text.Display_TransmitCmd
                0x000000000800079c       0x44 ./Core/Src/display.o
                0x000000000800079c                Display_TransmitCmd
 .text.Display_TransmitParam
                0x00000000080007e0       0x44 ./Core/Src/display.o
                0x00000000080007e0                Display_TransmitParam
 .text.Display_TransmitCmdParam
                0x0000000008000824       0x28 ./Core/Src/display.o
                0x0000000008000824                Display_TransmitCmdParam
 .text.Display_SetWindow
                0x000000000800084c      0x150 ./Core/Src/display.o
                0x000000000800084c                Display_SetWindow
 .text.Display_SendColor
                0x000000000800099c       0x74 ./Core/Src/display.o
                0x000000000800099c                Display_SendColor
 .text.Display_SendData
                0x0000000008000a10       0x64 ./Core/Src/display.o
                0x0000000008000a10                Display_SendData
 .text.Encoder_Init
                0x0000000008000a74       0x50 ./Core/Src/encoder.o
                0x0000000008000a74                Encoder_Init
 .text.Encoder_CWHandler
                0x0000000008000ac4       0x1c ./Core/Src/encoder.o
 .text.Encoder_CCWHandler
                0x0000000008000ae0       0x1c ./Core/Src/encoder.o
 .text.Encoder_Debounce
                0x0000000008000afc       0x90 ./Core/Src/encoder.o
                0x0000000008000afc                Encoder_Debounce
 .text.Gfx_Init
                0x0000000008000b8c        0xe ./Core/Src/gfx.o
                0x0000000008000b8c                Gfx_Init
 *fill*         0x0000000008000b9a        0x2 
 .text.Gfx_SetBackground
                0x0000000008000b9c       0x30 ./Core/Src/gfx.o
                0x0000000008000b9c                Gfx_SetBackground
 .text.Gfx_DrawFilledRect
                0x0000000008000bcc       0x76 ./Core/Src/gfx.o
                0x0000000008000bcc                Gfx_DrawFilledRect
 .text.Gfx_DrawImage
                0x0000000008000c42       0x4e ./Core/Src/gfx.o
                0x0000000008000c42                Gfx_DrawImage
 .text.Gfx_Draw7SegDigit
                0x0000000008000c90      0x25c ./Core/Src/gfx.o
                0x0000000008000c90                Gfx_Draw7SegDigit
 .text.SystemClock_Config
                0x0000000008000eec       0xdc ./Core/Src/init.o
                0x0000000008000eec                SystemClock_Config
 .text.MX_SPI2_Init
                0x0000000008000fc8       0x6c ./Core/Src/init.o
                0x0000000008000fc8                MX_SPI2_Init
 .text.MX_USART2_UART_Init
                0x0000000008001034       0x54 ./Core/Src/init.o
                0x0000000008001034                MX_USART2_UART_Init
 .text.MX_GPIO_Init
                0x0000000008001088      0x12c ./Core/Src/init.o
                0x0000000008001088                MX_GPIO_Init
 .text.MX_TIM2_Init
                0x00000000080011b4       0x9c ./Core/Src/init.o
                0x00000000080011b4                MX_TIM2_Init
 .text.MX_TIM3_Init
                0x0000000008001250       0x9c ./Core/Src/init.o
                0x0000000008001250                MX_TIM3_Init
 .text.MX_ADC1_Init
                0x00000000080012ec       0xa4 ./Core/Src/init.o
                0x00000000080012ec                MX_ADC1_Init
 .text.MX_I2C1_Init
                0x0000000008001390       0x5c ./Core/Src/init.o
                0x0000000008001390                MX_I2C1_Init
 .text.Error_Handler
                0x00000000080013ec        0xa ./Core/Src/init.o
                0x00000000080013ec                Error_Handler
 .text.Led_Init
                0x00000000080013f6       0x32 ./Core/Src/led.o
                0x00000000080013f6                Led_Init
 .text.Led_Off  0x0000000008001428       0x50 ./Core/Src/led.o
                0x0000000008001428                Led_Off
 .text.Led_Toggle
                0x0000000008001478       0x4c ./Core/Src/led.o
                0x0000000008001478                Led_Toggle
 .text.main     0x00000000080014c4       0x4a ./Core/Src/main.o
                0x00000000080014c4                main
 *fill*         0x000000000800150e        0x2 
 .text.Pot_Init
                0x0000000008001510       0x78 ./Core/Src/pot.o
                0x0000000008001510                Pot_Init
 .text.Pot_EventHandler
                0x0000000008001588       0x3c ./Core/Src/pot.o
 .text.Pot_Sample
                0x00000000080015c4       0xa8 ./Core/Src/pot.o
                0x00000000080015c4                Pot_Sample
 .text.HAL_MspInit
                0x000000000800166c       0x50 ./Core/Src/stm32f4xx_hal_msp.o
                0x000000000800166c                HAL_MspInit
 .text.HAL_ADC_MspInit
                0x00000000080016bc       0x88 ./Core/Src/stm32f4xx_hal_msp.o
                0x00000000080016bc                HAL_ADC_MspInit
 .text.HAL_I2C_MspInit
                0x0000000008001744       0x90 ./Core/Src/stm32f4xx_hal_msp.o
                0x0000000008001744                HAL_I2C_MspInit
 .text.HAL_SPI_MspInit
                0x00000000080017d4       0xf0 ./Core/Src/stm32f4xx_hal_msp.o
                0x00000000080017d4                HAL_SPI_MspInit
 .text.HAL_TIM_Base_MspInit
                0x00000000080018c4       0x88 ./Core/Src/stm32f4xx_hal_msp.o
                0x00000000080018c4                HAL_TIM_Base_MspInit
 .text.HAL_UART_MspInit
                0x000000000800194c       0x90 ./Core/Src/stm32f4xx_hal_msp.o
                0x000000000800194c                HAL_UART_MspInit
 .text.NMI_Handler
                0x00000000080019dc        0x6 ./Core/Src/stm32f4xx_it.o
                0x00000000080019dc                NMI_Handler
 .text.HardFault_Handler
                0x00000000080019e2        0x6 ./Core/Src/stm32f4xx_it.o
                0x00000000080019e2                HardFault_Handler
 .text.MemManage_Handler
                0x00000000080019e8        0x6 ./Core/Src/stm32f4xx_it.o
                0x00000000080019e8                MemManage_Handler
 .text.BusFault_Handler
                0x00000000080019ee        0x6 ./Core/Src/stm32f4xx_it.o
                0x00000000080019ee                BusFault_Handler
 .text.UsageFault_Handler
                0x00000000080019f4        0x6 ./Core/Src/stm32f4xx_it.o
                0x00000000080019f4                UsageFault_Handler
 .text.SVC_Handler
                0x00000000080019fa        0xe ./Core/Src/stm32f4xx_it.o
                0x00000000080019fa                SVC_Handler
 .text.DebugMon_Handler
                0x0000000008001a08        0xe ./Core/Src/stm32f4xx_it.o
                0x0000000008001a08                DebugMon_Handler
 .text.PendSV_Handler
                0x0000000008001a16        0xe ./Core/Src/stm32f4xx_it.o
                0x0000000008001a16                PendSV_Handler
 .text.SysTick_Handler
                0x0000000008001a24        0xc ./Core/Src/stm32f4xx_it.o
                0x0000000008001a24                SysTick_Handler
 .text.TIM2_IRQHandler
                0x0000000008001a30       0x14 ./Core/Src/stm32f4xx_it.o
                0x0000000008001a30                TIM2_IRQHandler
 .text.TIM3_IRQHandler
                0x0000000008001a44       0x14 ./Core/Src/stm32f4xx_it.o
                0x0000000008001a44                TIM3_IRQHandler
 .text.SystemInit
                0x0000000008001a58       0x24 ./Core/Src/system_stm32f4xx.o
                0x0000000008001a58                SystemInit
 .text.Timer_EnableInterrupts
                0x0000000008001a7c       0x1c ./Core/Src/timer.o
                0x0000000008001a7c                Timer_EnableInterrupts
 .text.HAL_TIM_PeriodElapsedCallback
                0x0000000008001a98       0xc8 ./Core/Src/timer.o
                0x0000000008001a98                HAL_TIM_PeriodElapsedCallback
 .text.UI_Init  0x0000000008001b60       0x1c ./Core/Src/ui.o
                0x0000000008001b60                UI_Init
 .text.UI_Update_Laptime
                0x0000000008001b7c      0x108 ./Core/Src/ui.o
                0x0000000008001b7c                UI_Update_Laptime
 .text.UI_Update_BatteryPct
                0x0000000008001c84       0xc8 ./Core/Src/ui.o
                0x0000000008001c84                UI_Update_BatteryPct
 .text.UI_Update_RPM
                0x0000000008001d4c       0xc8 ./Core/Src/ui.o
                0x0000000008001d4c                UI_Update_RPM
 .text.UI_Update_WheelTemps
                0x0000000008001e14      0x13c ./Core/Src/ui.o
                0x0000000008001e14                UI_Update_WheelTemps
 .text.UI_Update_Speedometer
                0x0000000008001f50       0x58 ./Core/Src/ui.o
                0x0000000008001f50                UI_Update_Speedometer
 .text.UI_Update_CoolingTemp
                0x0000000008001fa8       0x58 ./Core/Src/ui.o
                0x0000000008001fa8                UI_Update_CoolingTemp
 .text.Reset_Handler
                0x0000000008002000       0x50 ./Core/Startup/startup_stm32f446retx.o
                0x0000000008002000                Reset_Handler
 .text.Default_Handler
                0x0000000008002050        0x2 ./Core/Startup/startup_stm32f446retx.o
                0x0000000008002050                RTC_Alarm_IRQHandler
                0x0000000008002050                EXTI2_IRQHandler
                0x0000000008002050                TIM8_CC_IRQHandler
                0x0000000008002050                FMPI2C1_EV_IRQHandler
                0x0000000008002050                SPI4_IRQHandler
                0x0000000008002050                TIM1_CC_IRQHandler
                0x0000000008002050                DMA2_Stream5_IRQHandler
                0x0000000008002050                DMA1_Stream5_IRQHandler
                0x0000000008002050                PVD_IRQHandler
                0x0000000008002050                SDIO_IRQHandler
                0x0000000008002050                TAMP_STAMP_IRQHandler
                0x0000000008002050                CAN2_RX1_IRQHandler
                0x0000000008002050                EXTI3_IRQHandler
                0x0000000008002050                TIM8_TRG_COM_TIM14_IRQHandler
                0x0000000008002050                TIM1_UP_TIM10_IRQHandler
                0x0000000008002050                TIM8_UP_TIM13_IRQHandler
                0x0000000008002050                I2C3_ER_IRQHandler
                0x0000000008002050                EXTI0_IRQHandler
                0x0000000008002050                I2C2_EV_IRQHandler
                0x0000000008002050                DMA1_Stream2_IRQHandler
                0x0000000008002050                CAN1_RX0_IRQHandler
                0x0000000008002050                FPU_IRQHandler
                0x0000000008002050                OTG_HS_WKUP_IRQHandler
                0x0000000008002050                CAN2_SCE_IRQHandler
                0x0000000008002050                DMA2_Stream2_IRQHandler
                0x0000000008002050                SPI1_IRQHandler
                0x0000000008002050                TIM6_DAC_IRQHandler
                0x0000000008002050                TIM1_BRK_TIM9_IRQHandler
                0x0000000008002050                DCMI_IRQHandler
                0x0000000008002050                CAN2_RX0_IRQHandler
                0x0000000008002050                DMA2_Stream3_IRQHandler
                0x0000000008002050                SAI2_IRQHandler
                0x0000000008002050                USART6_IRQHandler
                0x0000000008002050                USART3_IRQHandler
                0x0000000008002050                CAN1_RX1_IRQHandler
                0x0000000008002050                UART5_IRQHandler
                0x0000000008002050                DMA2_Stream0_IRQHandler
                0x0000000008002050                TIM4_IRQHandler
                0x0000000008002050                QUADSPI_IRQHandler
                0x0000000008002050                I2C1_EV_IRQHandler
                0x0000000008002050                DMA1_Stream6_IRQHandler
                0x0000000008002050                DMA1_Stream1_IRQHandler
                0x0000000008002050                UART4_IRQHandler
                0x0000000008002050                RCC_IRQHandler
                0x0000000008002050                TIM8_BRK_TIM12_IRQHandler
                0x0000000008002050                Default_Handler
                0x0000000008002050                CEC_IRQHandler
                0x0000000008002050                EXTI15_10_IRQHandler
                0x0000000008002050                ADC_IRQHandler
                0x0000000008002050                DMA1_Stream7_IRQHandler
                0x0000000008002050                TIM7_IRQHandler
                0x0000000008002050                CAN2_TX_IRQHandler
                0x0000000008002050                TIM5_IRQHandler
                0x0000000008002050                DMA2_Stream7_IRQHandler
                0x0000000008002050                I2C3_EV_IRQHandler
                0x0000000008002050                EXTI9_5_IRQHandler
                0x0000000008002050                RTC_WKUP_IRQHandler
                0x0000000008002050                SPDIF_RX_IRQHandler
                0x0000000008002050                SPI2_IRQHandler
                0x0000000008002050                OTG_HS_EP1_IN_IRQHandler
                0x0000000008002050                DMA1_Stream0_IRQHandler
                0x0000000008002050                CAN1_TX_IRQHandler
                0x0000000008002050                FMPI2C1_ER_IRQHandler
                0x0000000008002050                EXTI4_IRQHandler
                0x0000000008002050                OTG_HS_EP1_OUT_IRQHandler
                0x0000000008002050                WWDG_IRQHandler
                0x0000000008002050                OTG_FS_WKUP_IRQHandler
                0x0000000008002050                TIM1_TRG_COM_TIM11_IRQHandler
                0x0000000008002050                OTG_HS_IRQHandler
                0x0000000008002050                EXTI1_IRQHandler
                0x0000000008002050                USART2_IRQHandler
                0x0000000008002050                I2C2_ER_IRQHandler
                0x0000000008002050                DMA2_Stream1_IRQHandler
                0x0000000008002050                CAN1_SCE_IRQHandler
                0x0000000008002050                FLASH_IRQHandler
                0x0000000008002050                DMA2_Stream4_IRQHandler
                0x0000000008002050                USART1_IRQHandler
                0x0000000008002050                OTG_FS_IRQHandler
                0x0000000008002050                SPI3_IRQHandler
                0x0000000008002050                DMA1_Stream4_IRQHandler
                0x0000000008002050                I2C1_ER_IRQHandler
                0x0000000008002050                FMC_IRQHandler
                0x0000000008002050                DMA2_Stream6_IRQHandler
                0x0000000008002050                SAI1_IRQHandler
                0x0000000008002050                DMA1_Stream3_IRQHandler
 *fill*         0x0000000008002052        0x2 
 .text.HAL_Init
                0x0000000008002054       0x44 ./Drivers/STM32F4xx_HAL_Driver/Src/stm32f4xx_hal.o
                0x0000000008002054                HAL_Init
 .text.HAL_InitTick
                0x0000000008002098       0x60 ./Drivers/STM32F4xx_HAL_Driver/Src/stm32f4xx_hal.o
                0x0000000008002098                HAL_InitTick
 .text.HAL_IncTick
                0x00000000080020f8       0x28 ./Drivers/STM32F4xx_HAL_Driver/Src/stm32f4xx_hal.o
                0x00000000080020f8                HAL_IncTick
 .text.HAL_GetTick
                0x0000000008002120       0x18 ./Drivers/STM32F4xx_HAL_Driver/Src/stm32f4xx_hal.o
                0x0000000008002120                HAL_GetTick
 .text.HAL_Delay
                0x0000000008002138       0x48 ./Drivers/STM32F4xx_HAL_Driver/Src/stm32f4xx_hal.o
                0x0000000008002138                HAL_Delay
 .text.HAL_ADC_Init
                0x0000000008002180       0x86 ./Drivers/STM32F4xx_HAL_Driver/Src/stm32f4xx_hal_adc.o
                0x0000000008002180                HAL_ADC_Init
 *fill*         0x0000000008002206        0x2 
 .text.HAL_ADC_Start
                0x0000000008002208      0x1a4 ./Drivers/STM32F4xx_HAL_Driver/Src/stm32f4xx_hal_adc.o
                0x0000000008002208                HAL_ADC_Start
 .text.HAL_ADC_Stop
                0x00000000080023ac       0x66 ./Drivers/STM32F4xx_HAL_Driver/Src/stm32f4xx_hal_adc.o
                0x00000000080023ac                HAL_ADC_Stop
 .text.HAL_ADC_PollForConversion
                0x0000000008002412      0x116 ./Drivers/STM32F4xx_HAL_Driver/Src/stm32f4xx_hal_adc.o
                0x0000000008002412                HAL_ADC_PollForConversion
 .text.HAL_ADC_GetValue
                0x0000000008002528       0x1a ./Drivers/STM32F4xx_HAL_Driver/Src/stm32f4xx_hal_adc.o
                0x0000000008002528                HAL_ADC_GetValue
 *fill*         0x0000000008002542        0x2 
 .text.HAL_ADC_ConfigChannel
                0x0000000008002544      0x264 ./Drivers/STM32F4xx_HAL_Driver/Src/stm32f4xx_hal_adc.o
                0x0000000008002544                HAL_ADC_ConfigChannel
 .text.ADC_Init
                0x00000000080027a8      0x1f8 ./Drivers/STM32F4xx_HAL_Driver/Src/stm32f4xx_hal_adc.o
 .text.__NVIC_SetPriorityGrouping
                0x00000000080029a0       0x48 ./Drivers/STM32F4xx_HAL_Driver/Src/stm32f4xx_hal_cortex.o
 .text.__NVIC_GetPriorityGrouping
                0x00000000080029e8       0x1c ./Drivers/STM32F4xx_HAL_Driver/Src/stm32f4xx_hal_cortex.o
 .text.__NVIC_EnableIRQ
                0x0000000008002a04       0x3c ./Drivers/STM32F4xx_HAL_Driver/Src/stm32f4xx_hal_cortex.o
 .text.__NVIC_SetPriority
                0x0000000008002a40       0x54 ./Drivers/STM32F4xx_HAL_Driver/Src/stm32f4xx_hal_cortex.o
 .text.NVIC_EncodePriority
                0x0000000008002a94       0x66 ./Drivers/STM32F4xx_HAL_Driver/Src/stm32f4xx_hal_cortex.o
 *fill*         0x0000000008002afa        0x2 
 .text.SysTick_Config
                0x0000000008002afc       0x44 ./Drivers/STM32F4xx_HAL_Driver/Src/stm32f4xx_hal_cortex.o
 .text.HAL_NVIC_SetPriorityGrouping
                0x0000000008002b40       0x16 ./Drivers/STM32F4xx_HAL_Driver/Src/stm32f4xx_hal_cortex.o
                0x0000000008002b40                HAL_NVIC_SetPriorityGrouping
 .text.HAL_NVIC_SetPriority
                0x0000000008002b56       0x38 ./Drivers/STM32F4xx_HAL_Driver/Src/stm32f4xx_hal_cortex.o
                0x0000000008002b56                HAL_NVIC_SetPriority
 .text.HAL_NVIC_EnableIRQ
                0x0000000008002b8e       0x1c ./Drivers/STM32F4xx_HAL_Driver/Src/stm32f4xx_hal_cortex.o
                0x0000000008002b8e                HAL_NVIC_EnableIRQ
 .text.HAL_SYSTICK_Config
                0x0000000008002baa       0x18 ./Drivers/STM32F4xx_HAL_Driver/Src/stm32f4xx_hal_cortex.o
                0x0000000008002baa                HAL_SYSTICK_Config
 *fill*         0x0000000008002bc2        0x2 
 .text.HAL_GPIO_Init
                0x0000000008002bc4      0x328 ./Drivers/STM32F4xx_HAL_Driver/Src/stm32f4xx_hal_gpio.o
                0x0000000008002bc4                HAL_GPIO_Init
 .text.HAL_GPIO_ReadPin
                0x0000000008002eec       0x30 ./Drivers/STM32F4xx_HAL_Driver/Src/stm32f4xx_hal_gpio.o
                0x0000000008002eec                HAL_GPIO_ReadPin
 .text.HAL_GPIO_WritePin
                0x0000000008002f1c       0x32 ./Drivers/STM32F4xx_HAL_Driver/Src/stm32f4xx_hal_gpio.o
                0x0000000008002f1c                HAL_GPIO_WritePin
 .text.HAL_GPIO_TogglePin
                0x0000000008002f4e       0x34 ./Drivers/STM32F4xx_HAL_Driver/Src/stm32f4xx_hal_gpio.o
                0x0000000008002f4e                HAL_GPIO_TogglePin
 *fill*         0x0000000008002f82        0x2 
 .text.HAL_I2C_Init
                0x0000000008002f84      0x288 ./Drivers/STM32F4xx_HAL_Driver/Src/stm32f4xx_hal_i2c.o
                0x0000000008002f84                HAL_I2C_Init
 .text.HAL_RCC_ClockConfig
                0x000000000800320c      0x1cc ./Drivers/STM32F4xx_HAL_Driver/Src/stm32f4xx_hal_rcc.o
                0x000000000800320c                HAL_RCC_ClockConfig
 .text.HAL_RCC_GetHCLKFreq
                0x00000000080033d8       0x18 ./Drivers/STM32F4xx_HAL_Driver/Src/stm32f4xx_hal_rcc.o
                0x00000000080033d8                HAL_RCC_GetHCLKFreq
 .text.HAL_RCC_GetPCLK1Freq
                0x00000000080033f0       0x28 ./Drivers/STM32F4xx_HAL_Driver/Src/stm32f4xx_hal_rcc.o
                0x00000000080033f0                HAL_RCC_GetPCLK1Freq
 .text.HAL_RCC_GetPCLK2Freq
                0x0000000008003418       0x28 ./Drivers/STM32F4xx_HAL_Driver/Src/stm32f4xx_hal_rcc.o
                0x0000000008003418                HAL_RCC_GetPCLK2Freq
 .text.HAL_RCC_GetSysClockFreq
                0x0000000008003440      0x460 ./Drivers/STM32F4xx_HAL_Driver/Src/stm32f4xx_hal_rcc_ex.o
                0x0000000008003440                HAL_RCC_GetSysClockFreq
 .text.HAL_RCC_OscConfig
                0x00000000080038a0      0x53c ./Drivers/STM32F4xx_HAL_Driver/Src/stm32f4xx_hal_rcc_ex.o
                0x00000000080038a0                HAL_RCC_OscConfig
 .text.HAL_SPI_Init
                0x0000000008003ddc      0x112 ./Drivers/STM32F4xx_HAL_Driver/Src/stm32f4xx_hal_spi.o
                0x0000000008003ddc                HAL_SPI_Init
 .text.HAL_SPI_Transmit
                0x0000000008003eee      0x278 ./Drivers/STM32F4xx_HAL_Driver/Src/stm32f4xx_hal_spi.o
                0x0000000008003eee                HAL_SPI_Transmit
 *fill*         0x0000000008004166        0x2 
 .text.SPI_WaitFlagStateUntilTimeout
                0x0000000008004168      0x110 ./Drivers/STM32F4xx_HAL_Driver/Src/stm32f4xx_hal_spi.o
 .text.SPI_EndRxTxTransaction
                0x0000000008004278       0x84 ./Drivers/STM32F4xx_HAL_Driver/Src/stm32f4xx_hal_spi.o
 .text.HAL_TIM_Base_Init
                0x00000000080042fc       0x9e ./Drivers/STM32F4xx_HAL_Driver/Src/stm32f4xx_hal_tim.o
                0x00000000080042fc                HAL_TIM_Base_Init
 *fill*         0x000000000800439a        0x2 
 .text.HAL_TIM_Base_Start_IT
                0x000000000800439c       0xe0 ./Drivers/STM32F4xx_HAL_Driver/Src/stm32f4xx_hal_tim.o
                0x000000000800439c                HAL_TIM_Base_Start_IT
 .text.HAL_TIM_IRQHandler
                0x000000000800447c      0x210 ./Drivers/STM32F4xx_HAL_Driver/Src/stm32f4xx_hal_tim.o
                0x000000000800447c                HAL_TIM_IRQHandler
 .text.HAL_TIM_ConfigClockSource
                0x000000000800468c      0x18e ./Drivers/STM32F4xx_HAL_Driver/Src/stm32f4xx_hal_tim.o
                0x000000000800468c                HAL_TIM_ConfigClockSource
 .text.HAL_TIM_OC_DelayElapsedCallback
                0x000000000800481a       0x14 ./Drivers/STM32F4xx_HAL_Driver/Src/stm32f4xx_hal_tim.o
                0x000000000800481a                HAL_TIM_OC_DelayElapsedCallback
 .text.HAL_TIM_IC_CaptureCallback
                0x000000000800482e       0x14 ./Drivers/STM32F4xx_HAL_Driver/Src/stm32f4xx_hal_tim.o
                0x000000000800482e                HAL_TIM_IC_CaptureCallback
 .text.HAL_TIM_PWM_PulseFinishedCallback
                0x0000000008004842       0x14 ./Drivers/STM32F4xx_HAL_Driver/Src/stm32f4xx_hal_tim.o
                0x0000000008004842                HAL_TIM_PWM_PulseFinishedCallback
 .text.HAL_TIM_TriggerCallback
                0x0000000008004856       0x14 ./Drivers/STM32F4xx_HAL_Driver/Src/stm32f4xx_hal_tim.o
                0x0000000008004856                HAL_TIM_TriggerCallback
 *fill*         0x000000000800486a        0x2 
 .text.TIM_Base_SetConfig
                0x000000000800486c      0x140 ./Drivers/STM32F4xx_HAL_Driver/Src/stm32f4xx_hal_tim.o
                0x000000000800486c                TIM_Base_SetConfig
 .text.TIM_TI1_ConfigInputStage
                0x00000000080049ac       0x5e ./Drivers/STM32F4xx_HAL_Driver/Src/stm32f4xx_hal_tim.o
 .text.TIM_TI2_ConfigInputStage
                0x0000000008004a0a       0x60 ./Drivers/STM32F4xx_HAL_Driver/Src/stm32f4xx_hal_tim.o
 .text.TIM_ITRx_SetConfig
                0x0000000008004a6a       0x36 ./Drivers/STM32F4xx_HAL_Driver/Src/stm32f4xx_hal_tim.o
 .text.TIM_ETR_SetConfig
                0x0000000008004aa0       0x40 ./Drivers/STM32F4xx_HAL_Driver/Src/stm32f4xx_hal_tim.o
                0x0000000008004aa0                TIM_ETR_SetConfig
 .text.HAL_TIMEx_MasterConfigSynchronization
                0x0000000008004ae0       0xf8 ./Drivers/STM32F4xx_HAL_Driver/Src/stm32f4xx_hal_tim_ex.o
                0x0000000008004ae0                HAL_TIMEx_MasterConfigSynchronization
 .text.HAL_TIMEx_CommutCallback
                0x0000000008004bd8       0x14 ./Drivers/STM32F4xx_HAL_Driver/Src/stm32f4xx_hal_tim_ex.o
                0x0000000008004bd8                HAL_TIMEx_CommutCallback
 .text.HAL_TIMEx_BreakCallback
                0x0000000008004bec       0x14 ./Drivers/STM32F4xx_HAL_Driver/Src/stm32f4xx_hal_tim_ex.o
                0x0000000008004bec                HAL_TIMEx_BreakCallback
 .text.HAL_UART_Init
                0x0000000008004c00       0x9a ./Drivers/STM32F4xx_HAL_Driver/Src/stm32f4xx_hal_uart.o
                0x0000000008004c00                HAL_UART_Init
 *fill*         0x0000000008004c9a        0x2 
 .text.UART_SetConfig
                0x0000000008004c9c      0x4e8 ./Drivers/STM32F4xx_HAL_Driver/Src/stm32f4xx_hal_uart.o
 .text.__libc_init_array
                0x0000000008005184       0x48 c:/st/stm32cubeide_1.11.0/stm32cubeide/plugins/com.st.stm32cube.ide.mcu.externaltools.gnu-tools-for-stm32.10.3-2021.10.win32_1.0.100.202210260954/tools/bin/../lib/gcc/arm-none-eabi/10.3.1/../../../../arm-none-eabi/lib/thumb/v7e-m+fp/hard\libc_nano.a(lib_a-init.o)
                0x0000000008005184                __libc_init_array
 .text.memset   0x00000000080051cc       0x10 c:/st/stm32cubeide_1.11.0/stm32cubeide/plugins/com.st.stm32cube.ide.mcu.externaltools.gnu-tools-for-stm32.10.3-2021.10.win32_1.0.100.202210260954/tools/bin/../lib/gcc/arm-none-eabi/10.3.1/../../../../arm-none-eabi/lib/thumb/v7e-m+fp/hard\libc_nano.a(lib_a-memset.o)
                0x00000000080051cc                memset
 *(.glue_7)
 .glue_7        0x00000000080051dc        0x0 linker stubs
 *(.glue_7t)
 .glue_7t       0x00000000080051dc        0x0 linker stubs
 *(.eh_frame)
 .eh_frame      0x00000000080051dc        0x0 c:/st/stm32cubeide_1.11.0/stm32cubeide/plugins/com.st.stm32cube.ide.mcu.externaltools.gnu-tools-for-stm32.10.3-2021.10.win32_1.0.100.202210260954/tools/bin/../lib/gcc/arm-none-eabi/10.3.1/thumb/v7e-m+fp/hard/crtbegin.o
 *(.init)
 .init          0x00000000080051dc        0x4 c:/st/stm32cubeide_1.11.0/stm32cubeide/plugins/com.st.stm32cube.ide.mcu.externaltools.gnu-tools-for-stm32.10.3-2021.10.win32_1.0.100.202210260954/tools/bin/../lib/gcc/arm-none-eabi/10.3.1/thumb/v7e-m+fp/hard/crti.o
                0x00000000080051dc                _init
 .init          0x00000000080051e0        0x8 c:/st/stm32cubeide_1.11.0/stm32cubeide/plugins/com.st.stm32cube.ide.mcu.externaltools.gnu-tools-for-stm32.10.3-2021.10.win32_1.0.100.202210260954/tools/bin/../lib/gcc/arm-none-eabi/10.3.1/thumb/v7e-m+fp/hard/crtn.o
 *(.fini)
 .fini          0x00000000080051e8        0x4 c:/st/stm32cubeide_1.11.0/stm32cubeide/plugins/com.st.stm32cube.ide.mcu.externaltools.gnu-tools-for-stm32.10.3-2021.10.win32_1.0.100.202210260954/tools/bin/../lib/gcc/arm-none-eabi/10.3.1/thumb/v7e-m+fp/hard/crti.o
                0x00000000080051e8                _fini
 .fini          0x00000000080051ec        0x8 c:/st/stm32cubeide_1.11.0/stm32cubeide/plugins/com.st.stm32cube.ide.mcu.externaltools.gnu-tools-for-stm32.10.3-2021.10.win32_1.0.100.202210260954/tools/bin/../lib/gcc/arm-none-eabi/10.3.1/thumb/v7e-m+fp/hard/crtn.o
                0x00000000080051f4                . = ALIGN (0x4)
                0x00000000080051f4                _etext = .

.vfp11_veneer   0x00000000080051f4        0x0
 .vfp11_veneer  0x00000000080051f4        0x0 linker stubs

.v4_bx          0x00000000080051f4        0x0
 .v4_bx         0x00000000080051f4        0x0 linker stubs

.iplt           0x00000000080051f4        0x0
 .iplt          0x00000000080051f4        0x0 c:/st/stm32cubeide_1.11.0/stm32cubeide/plugins/com.st.stm32cube.ide.mcu.externaltools.gnu-tools-for-stm32.10.3-2021.10.win32_1.0.100.202210260954/tools/bin/../lib/gcc/arm-none-eabi/10.3.1/thumb/v7e-m+fp/hard/crtbegin.o

.rodata         0x00000000080051f4       0x24
                0x00000000080051f4                . = ALIGN (0x4)
 *(.rodata)
 .rodata        0x00000000080051f4        0xc ./Core/Src/button.o
 *(.rodata*)
 .rodata.AHBPrescTable
                0x0000000008005200       0x10 ./Core/Src/system_stm32f4xx.o
                0x0000000008005200                AHBPrescTable
 .rodata.APBPrescTable
                0x0000000008005210        0x8 ./Core/Src/system_stm32f4xx.o
                0x0000000008005210                APBPrescTable
                0x0000000008005218                . = ALIGN (0x4)

.ARM.extab      0x0000000008005218        0x0
                0x0000000008005218                . = ALIGN (0x4)
 *(.ARM.extab* .gnu.linkonce.armextab.*)
                0x0000000008005218                . = ALIGN (0x4)

.ARM            0x0000000008005218        0x8
                0x0000000008005218                . = ALIGN (0x4)
                0x0000000008005218                __exidx_start = .
 *(.ARM.exidx*)
 .ARM.exidx     0x0000000008005218        0x8 c:/st/stm32cubeide_1.11.0/stm32cubeide/plugins/com.st.stm32cube.ide.mcu.externaltools.gnu-tools-for-stm32.10.3-2021.10.win32_1.0.100.202210260954/tools/bin/../lib/gcc/arm-none-eabi/10.3.1/thumb/v7e-m+fp/hard\libgcc.a(_udivmoddi4.o)
                0x0000000008005220                __exidx_end = .
                0x0000000008005220                . = ALIGN (0x4)

.rel.dyn        0x0000000008005220        0x0
 .rel.iplt      0x0000000008005220        0x0 c:/st/stm32cubeide_1.11.0/stm32cubeide/plugins/com.st.stm32cube.ide.mcu.externaltools.gnu-tools-for-stm32.10.3-2021.10.win32_1.0.100.202210260954/tools/bin/../lib/gcc/arm-none-eabi/10.3.1/thumb/v7e-m+fp/hard/crtbegin.o

.preinit_array  0x0000000008005220        0x0
                0x0000000008005220                . = ALIGN (0x4)
                0x0000000008005220                PROVIDE (__preinit_array_start = .)
 *(.preinit_array*)
                0x0000000008005220                PROVIDE (__preinit_array_end = .)
                0x0000000008005220                . = ALIGN (0x4)

.init_array     0x0000000008005220        0x4
                0x0000000008005220                . = ALIGN (0x4)
                0x0000000008005220                PROVIDE (__init_array_start = .)
 *(SORT_BY_NAME(.init_array.*))
 *(.init_array*)
 .init_array    0x0000000008005220        0x4 c:/st/stm32cubeide_1.11.0/stm32cubeide/plugins/com.st.stm32cube.ide.mcu.externaltools.gnu-tools-for-stm32.10.3-2021.10.win32_1.0.100.202210260954/tools/bin/../lib/gcc/arm-none-eabi/10.3.1/thumb/v7e-m+fp/hard/crtbegin.o
                0x0000000008005224                PROVIDE (__init_array_end = .)
                0x0000000008005224                . = ALIGN (0x4)

.fini_array     0x0000000008005224        0x4
                0x0000000008005224                . = ALIGN (0x4)
                [!provide]                        PROVIDE (__fini_array_start = .)
 *(SORT_BY_NAME(.fini_array.*))
 *(.fini_array*)
 .fini_array    0x0000000008005224        0x4 c:/st/stm32cubeide_1.11.0/stm32cubeide/plugins/com.st.stm32cube.ide.mcu.externaltools.gnu-tools-for-stm32.10.3-2021.10.win32_1.0.100.202210260954/tools/bin/../lib/gcc/arm-none-eabi/10.3.1/thumb/v7e-m+fp/hard/crtbegin.o
                [!provide]                        PROVIDE (__fini_array_end = .)
                0x0000000008005228                . = ALIGN (0x4)
                0x0000000008005228                _sidata = LOADADDR (.data)

.data           0x0000000020000000    0x12c50 load address 0x0000000008005228
                0x0000000020000000                . = ALIGN (0x4)
                0x0000000020000000                _sdata = .
 *(.data)
 *(.data*)
 .data.button_list
                0x0000000020000000       0x20 ./Core/Src/button.o
 .data.encoder_list
                0x0000000020000020        0x4 ./Core/Src/encoder.o
 .data.digit_patterns
                0x0000000020000024        0xa ./Core/Src/gfx.o
 *fill*         0x000000002000002e        0x2 
 .data.drive_mode_background_img
                0x0000000020000030    0x12c00 ./Core/Src/img.o
                0x0000000020000030                drive_mode_background_img
 .data.pot_list
                0x0000000020012c30        0x4 ./Core/Src/pot.o
 .data.SystemCoreClock
                0x0000000020012c34        0x4 ./Core/Src/system_stm32f4xx.o
                0x0000000020012c34                SystemCoreClock
 .data.background_img
                0x0000000020012c38       0x10 ./Core/Src/ui.o
                0x0000000020012c38                background_img
 .data.uwTickPrio
                0x0000000020012c48        0x4 ./Drivers/STM32F4xx_HAL_Driver/Src/stm32f4xx_hal.o
                0x0000000020012c48                uwTickPrio
 .data.uwTickFreq
                0x0000000020012c4c        0x1 ./Drivers/STM32F4xx_HAL_Driver/Src/stm32f4xx_hal.o
                0x0000000020012c4c                uwTickFreq
 *(.RamFunc)
 *(.RamFunc*)
                0x0000000020012c50                . = ALIGN (0x4)
 *fill*         0x0000000020012c4d        0x3 
                0x0000000020012c50                _edata = .

.igot.plt       0x0000000020012c50        0x0 load address 0x0000000008017e78
 .igot.plt      0x0000000020012c50        0x0 c:/st/stm32cubeide_1.11.0/stm32cubeide/plugins/com.st.stm32cube.ide.mcu.externaltools.gnu-tools-for-stm32.10.3-2021.10.win32_1.0.100.202210260954/tools/bin/../lib/gcc/arm-none-eabi/10.3.1/thumb/v7e-m+fp/hard/crtbegin.o
                0x0000000020012c50                . = ALIGN (0x4)

.bss            0x0000000020012c50      0x298 load address 0x0000000008017e78
                0x0000000020012c50                _sbss = .
                0x0000000020012c50                __bss_start__ = _sbss
 *(.bss)
 .bss           0x0000000020012c50       0x1c c:/st/stm32cubeide_1.11.0/stm32cubeide/plugins/com.st.stm32cube.ide.mcu.externaltools.gnu-tools-for-stm32.10.3-2021.10.win32_1.0.100.202210260954/tools/bin/../lib/gcc/arm-none-eabi/10.3.1/thumb/v7e-m+fp/hard/crtbegin.o
 *(.bss*)
 .bss.btn1      0x0000000020012c6c        0xc ./Core/Src/button.o
 .bss.btn2      0x0000000020012c78        0xc ./Core/Src/button.o
 .bss.btn3      0x0000000020012c84        0xc ./Core/Src/button.o
 .bss.btn4      0x0000000020012c90        0xc ./Core/Src/button.o
 .bss.btn5      0x0000000020012c9c        0xc ./Core/Src/button.o
 .bss.btn6      0x0000000020012ca8        0xc ./Core/Src/button.o
 .bss.btn7      0x0000000020012cb4        0xc ./Core/Src/button.o
 .bss.btn8      0x0000000020012cc0        0xc ./Core/Src/button.o
 .bss.enc1      0x0000000020012ccc        0xc ./Core/Src/encoder.o
 .bss.background_color
                0x0000000020012cd8        0x1 ./Core/Src/gfx.o
 *fill*         0x0000000020012cd9        0x3 
 .bss.hspi2     0x0000000020012cdc       0x58 ./Core/Src/init.o
                0x0000000020012cdc                hspi2
 .bss.huart2    0x0000000020012d34       0x44 ./Core/Src/init.o
                0x0000000020012d34                huart2
 .bss.htim3     0x0000000020012d78       0x48 ./Core/Src/init.o
                0x0000000020012d78                htim3
 .bss.htim2     0x0000000020012dc0       0x48 ./Core/Src/init.o
                0x0000000020012dc0                htim2
 .bss.hadc1     0x0000000020012e08       0x48 ./Core/Src/init.o
                0x0000000020012e08                hadc1
 .bss.hi2c1     0x0000000020012e50       0x54 ./Core/Src/init.o
                0x0000000020012e50                hi2c1
 .bss.pot1      0x0000000020012ea4        0xc ./Core/Src/pot.o
 .bss.pot2      0x0000000020012eb0        0xc ./Core/Src/pot.o
 .bss.pot3      0x0000000020012ebc        0xc ./Core/Src/pot.o
 .bss.pot4      0x0000000020012ec8        0xc ./Core/Src/pot.o
 .bss.current_pot
                0x0000000020012ed4        0x1 ./Core/Src/pot.o
 *fill*         0x0000000020012ed5        0x3 
 .bss.time_elapsed
                0x0000000020012ed8        0x4 ./Core/Src/timer.o
 .bss.current_ms
                0x0000000020012edc        0x2 ./Core/Src/timer.o
 *fill*         0x0000000020012ede        0x2 
 .bss.lap_time_start
                0x0000000020012ee0        0x4 ./Core/Src/ui.o
 .bss.uwTick    0x0000000020012ee4        0x4 ./Drivers/STM32F4xx_HAL_Driver/Src/stm32f4xx_hal.o
                0x0000000020012ee4                uwTick
 *(COMMON)
                0x0000000020012ee8                . = ALIGN (0x4)
                0x0000000020012ee8                _ebss = .
                0x0000000020012ee8                __bss_end__ = _ebss

._user_heap_stack
                0x0000000020012ee8      0x600 load address 0x0000000008017e78
                0x0000000020012ee8                . = ALIGN (0x8)
                [!provide]                        PROVIDE (end = .)
                0x0000000020012ee8                PROVIDE (_end = .)
                0x00000000200130e8                . = (. + _Min_Heap_Size)
 *fill*         0x0000000020012ee8      0x200 
                0x00000000200134e8                . = (. + _Min_Stack_Size)
 *fill*         0x00000000200130e8      0x400 
                0x00000000200134e8                . = ALIGN (0x8)

/DISCARD/
 libc.a(*)
 libm.a(*)
 libgcc.a(*)

.ARM.attributes
                0x0000000000000000       0x30
 *(.ARM.attributes)
 .ARM.attributes
                0x0000000000000000       0x1e c:/st/stm32cubeide_1.11.0/stm32cubeide/plugins/com.st.stm32cube.ide.mcu.externaltools.gnu-tools-for-stm32.10.3-2021.10.win32_1.0.100.202210260954/tools/bin/../lib/gcc/arm-none-eabi/10.3.1/thumb/v7e-m+fp/hard/crti.o
 .ARM.attributes
                0x000000000000001e       0x34 c:/st/stm32cubeide_1.11.0/stm32cubeide/plugins/com.st.stm32cube.ide.mcu.externaltools.gnu-tools-for-stm32.10.3-2021.10.win32_1.0.100.202210260954/tools/bin/../lib/gcc/arm-none-eabi/10.3.1/thumb/v7e-m+fp/hard/crtbegin.o
 .ARM.attributes
                0x0000000000000052       0x34 ./Core/Src/button.o
 .ARM.attributes
                0x0000000000000086       0x34 ./Core/Src/display.o
 .ARM.attributes
                0x00000000000000ba       0x34 ./Core/Src/encoder.o
 .ARM.attributes
                0x00000000000000ee       0x34 ./Core/Src/gfx.o
 .ARM.attributes
                0x0000000000000122       0x34 ./Core/Src/img.o
 .ARM.attributes
                0x0000000000000156       0x34 ./Core/Src/init.o
 .ARM.attributes
                0x000000000000018a       0x34 ./Core/Src/led.o
 .ARM.attributes
                0x00000000000001be       0x34 ./Core/Src/main.o
 .ARM.attributes
                0x00000000000001f2       0x34 ./Core/Src/pot.o
 .ARM.attributes
                0x0000000000000226       0x34 ./Core/Src/stm32f4xx_hal_msp.o
 .ARM.attributes
                0x000000000000025a       0x34 ./Core/Src/stm32f4xx_it.o
 .ARM.attributes
                0x000000000000028e       0x34 ./Core/Src/system_stm32f4xx.o
 .ARM.attributes
                0x00000000000002c2       0x34 ./Core/Src/timer.o
 .ARM.attributes
                0x00000000000002f6       0x34 ./Core/Src/ui.o
 .ARM.attributes
                0x000000000000032a       0x21 ./Core/Startup/startup_stm32f446retx.o
 .ARM.attributes
                0x000000000000034b       0x34 ./Drivers/STM32F4xx_HAL_Driver/Src/stm32f4xx_hal.o
 .ARM.attributes
                0x000000000000037f       0x34 ./Drivers/STM32F4xx_HAL_Driver/Src/stm32f4xx_hal_adc.o
 .ARM.attributes
                0x00000000000003b3       0x34 ./Drivers/STM32F4xx_HAL_Driver/Src/stm32f4xx_hal_cortex.o
 .ARM.attributes
                0x00000000000003e7       0x34 ./Drivers/STM32F4xx_HAL_Driver/Src/stm32f4xx_hal_gpio.o
 .ARM.attributes
                0x000000000000041b       0x34 ./Drivers/STM32F4xx_HAL_Driver/Src/stm32f4xx_hal_i2c.o
 .ARM.attributes
                0x000000000000044f       0x34 ./Drivers/STM32F4xx_HAL_Driver/Src/stm32f4xx_hal_rcc.o
 .ARM.attributes
                0x0000000000000483       0x34 ./Drivers/STM32F4xx_HAL_Driver/Src/stm32f4xx_hal_rcc_ex.o
 .ARM.attributes
                0x00000000000004b7       0x34 ./Drivers/STM32F4xx_HAL_Driver/Src/stm32f4xx_hal_spi.o
 .ARM.attributes
                0x00000000000004eb       0x34 ./Drivers/STM32F4xx_HAL_Driver/Src/stm32f4xx_hal_tim.o
 .ARM.attributes
                0x000000000000051f       0x34 ./Drivers/STM32F4xx_HAL_Driver/Src/stm32f4xx_hal_tim_ex.o
 .ARM.attributes
                0x0000000000000553       0x34 ./Drivers/STM32F4xx_HAL_Driver/Src/stm32f4xx_hal_uart.o
 .ARM.attributes
                0x0000000000000587       0x34 c:/st/stm32cubeide_1.11.0/stm32cubeide/plugins/com.st.stm32cube.ide.mcu.externaltools.gnu-tools-for-stm32.10.3-2021.10.win32_1.0.100.202210260954/tools/bin/../lib/gcc/arm-none-eabi/10.3.1/../../../../arm-none-eabi/lib/thumb/v7e-m+fp/hard\libc_nano.a(lib_a-init.o)
 .ARM.attributes
                0x00000000000005bb       0x34 c:/st/stm32cubeide_1.11.0/stm32cubeide/plugins/com.st.stm32cube.ide.mcu.externaltools.gnu-tools-for-stm32.10.3-2021.10.win32_1.0.100.202210260954/tools/bin/../lib/gcc/arm-none-eabi/10.3.1/../../../../arm-none-eabi/lib/thumb/v7e-m+fp/hard\libc_nano.a(lib_a-memset.o)
 .ARM.attributes
                0x00000000000005ef       0x1e c:/st/stm32cubeide_1.11.0/stm32cubeide/plugins/com.st.stm32cube.ide.mcu.externaltools.gnu-tools-for-stm32.10.3-2021.10.win32_1.0.100.202210260954/tools/bin/../lib/gcc/arm-none-eabi/10.3.1/thumb/v7e-m+fp/hard\libgcc.a(_aeabi_uldivmod.o)
 .ARM.attributes
                0x000000000000060d       0x34 c:/st/stm32cubeide_1.11.0/stm32cubeide/plugins/com.st.stm32cube.ide.mcu.externaltools.gnu-tools-for-stm32.10.3-2021.10.win32_1.0.100.202210260954/tools/bin/../lib/gcc/arm-none-eabi/10.3.1/thumb/v7e-m+fp/hard\libgcc.a(_udivmoddi4.o)
 .ARM.attributes
                0x0000000000000641       0x1e c:/st/stm32cubeide_1.11.0/stm32cubeide/plugins/com.st.stm32cube.ide.mcu.externaltools.gnu-tools-for-stm32.10.3-2021.10.win32_1.0.100.202210260954/tools/bin/../lib/gcc/arm-none-eabi/10.3.1/thumb/v7e-m+fp/hard\libgcc.a(_dvmd_tls.o)
 .ARM.attributes
                0x000000000000065f       0x1e c:/st/stm32cubeide_1.11.0/stm32cubeide/plugins/com.st.stm32cube.ide.mcu.externaltools.gnu-tools-for-stm32.10.3-2021.10.win32_1.0.100.202210260954/tools/bin/../lib/gcc/arm-none-eabi/10.3.1/thumb/v7e-m+fp/hard/crtn.o
OUTPUT(DisplayILI9488.elf elf32-littlearm)
LOAD linker stubs
LOAD c:/st/stm32cubeide_1.11.0/stm32cubeide/plugins/com.st.stm32cube.ide.mcu.externaltools.gnu-tools-for-stm32.10.3-2021.10.win32_1.0.100.202210260954/tools/bin/../lib/gcc/arm-none-eabi/10.3.1/../../../../arm-none-eabi/lib/thumb/v7e-m+fp/hard\libc.a
LOAD c:/st/stm32cubeide_1.11.0/stm32cubeide/plugins/com.st.stm32cube.ide.mcu.externaltools.gnu-tools-for-stm32.10.3-2021.10.win32_1.0.100.202210260954/tools/bin/../lib/gcc/arm-none-eabi/10.3.1/../../../../arm-none-eabi/lib/thumb/v7e-m+fp/hard\libm.a
LOAD c:/st/stm32cubeide_1.11.0/stm32cubeide/plugins/com.st.stm32cube.ide.mcu.externaltools.gnu-tools-for-stm32.10.3-2021.10.win32_1.0.100.202210260954/tools/bin/../lib/gcc/arm-none-eabi/10.3.1/thumb/v7e-m+fp/hard\libgcc.a

.debug_info     0x0000000000000000    0x15e7d
 .debug_info    0x0000000000000000      0x41f ./Core/Src/button.o
 .debug_info    0x000000000000041f      0x8db ./Core/Src/display.o
 .debug_info    0x0000000000000cfa      0x35d ./Core/Src/encoder.o
 .debug_info    0x0000000000001057      0x3f5 ./Core/Src/gfx.o
 .debug_info    0x000000000000144c       0xc9 ./Core/Src/img.o
 .debug_info    0x0000000000001515     0x19d3 ./Core/Src/init.o
 .debug_info    0x0000000000002ee8      0x286 ./Core/Src/led.o
 .debug_info    0x000000000000316e      0x14c ./Core/Src/main.o
 .debug_info    0x00000000000032ba      0x867 ./Core/Src/pot.o
 .debug_info    0x0000000000003b21     0x19a4 ./Core/Src/stm32f4xx_hal_msp.o
 .debug_info    0x00000000000054c5      0x754 ./Core/Src/stm32f4xx_it.o
 .debug_info    0x0000000000005c19      0x55b ./Core/Src/system_stm32f4xx.o
 .debug_info    0x0000000000006174      0x7dc ./Core/Src/timer.o
 .debug_info    0x0000000000006950      0x372 ./Core/Src/ui.o
 .debug_info    0x0000000000006cc2       0x22 ./Core/Startup/startup_stm32f446retx.o
 .debug_info    0x0000000000006ce4      0x9d2 ./Drivers/STM32F4xx_HAL_Driver/Src/stm32f4xx_hal.o
 .debug_info    0x00000000000076b6      0xd70 ./Drivers/STM32F4xx_HAL_Driver/Src/stm32f4xx_hal_adc.o
 .debug_info    0x0000000000008426      0xe39 ./Drivers/STM32F4xx_HAL_Driver/Src/stm32f4xx_hal_cortex.o
 .debug_info    0x000000000000925f      0x7be ./Drivers/STM32F4xx_HAL_Driver/Src/stm32f4xx_hal_gpio.o
 .debug_info    0x0000000000009a1d     0x2617 ./Drivers/STM32F4xx_HAL_Driver/Src/stm32f4xx_hal_i2c.o
 .debug_info    0x000000000000c034      0x9ab ./Drivers/STM32F4xx_HAL_Driver/Src/stm32f4xx_hal_rcc.o
 .debug_info    0x000000000000c9df      0x9ec ./Drivers/STM32F4xx_HAL_Driver/Src/stm32f4xx_hal_rcc_ex.o
 .debug_info    0x000000000000d3cb     0x1758 ./Drivers/STM32F4xx_HAL_Driver/Src/stm32f4xx_hal_spi.o
 .debug_info    0x000000000000eb23     0x2bbe ./Drivers/STM32F4xx_HAL_Driver/Src/stm32f4xx_hal_tim.o
 .debug_info    0x00000000000116e1     0x15e0 ./Drivers/STM32F4xx_HAL_Driver/Src/stm32f4xx_hal_tim_ex.o
 .debug_info    0x0000000000012cc1     0x31bc ./Drivers/STM32F4xx_HAL_Driver/Src/stm32f4xx_hal_uart.o

.debug_abbrev   0x0000000000000000     0x2e70
 .debug_abbrev  0x0000000000000000      0x1c4 ./Core/Src/button.o
 .debug_abbrev  0x00000000000001c4      0x1d5 ./Core/Src/display.o
 .debug_abbrev  0x0000000000000399      0x177 ./Core/Src/encoder.o
 .debug_abbrev  0x0000000000000510      0x10d ./Core/Src/gfx.o
 .debug_abbrev  0x000000000000061d       0x79 ./Core/Src/img.o
 .debug_abbrev  0x0000000000000696      0x205 ./Core/Src/init.o
 .debug_abbrev  0x000000000000089b      0x11d ./Core/Src/led.o
 .debug_abbrev  0x00000000000009b8       0x9c ./Core/Src/main.o
 .debug_abbrev  0x0000000000000a54      0x1d1 ./Core/Src/pot.o
 .debug_abbrev  0x0000000000000c25      0x20a ./Core/Src/stm32f4xx_hal_msp.o
 .debug_abbrev  0x0000000000000e2f      0x184 ./Core/Src/stm32f4xx_it.o
 .debug_abbrev  0x0000000000000fb3      0x116 ./Core/Src/system_stm32f4xx.o
 .debug_abbrev  0x00000000000010c9      0x1bf ./Core/Src/timer.o
 .debug_abbrev  0x0000000000001288      0x14b ./Core/Src/ui.o
 .debug_abbrev  0x00000000000013d3       0x12 ./Core/Startup/startup_stm32f446retx.o
 .debug_abbrev  0x00000000000013e5      0x20d ./Drivers/STM32F4xx_HAL_Driver/Src/stm32f4xx_hal.o
 .debug_abbrev  0x00000000000015f2      0x244 ./Drivers/STM32F4xx_HAL_Driver/Src/stm32f4xx_hal_adc.o
 .debug_abbrev  0x0000000000001836      0x316 ./Drivers/STM32F4xx_HAL_Driver/Src/stm32f4xx_hal_cortex.o
 .debug_abbrev  0x0000000000001b4c      0x1c4 ./Drivers/STM32F4xx_HAL_Driver/Src/stm32f4xx_hal_gpio.o
 .debug_abbrev  0x0000000000001d10      0x297 ./Drivers/STM32F4xx_HAL_Driver/Src/stm32f4xx_hal_i2c.o
 .debug_abbrev  0x0000000000001fa7      0x2aa ./Drivers/STM32F4xx_HAL_Driver/Src/stm32f4xx_hal_rcc.o
 .debug_abbrev  0x0000000000002251      0x1fb ./Drivers/STM32F4xx_HAL_Driver/Src/stm32f4xx_hal_rcc_ex.o
 .debug_abbrev  0x000000000000244c      0x26e ./Drivers/STM32F4xx_HAL_Driver/Src/stm32f4xx_hal_spi.o
 .debug_abbrev  0x00000000000026ba      0x25d ./Drivers/STM32F4xx_HAL_Driver/Src/stm32f4xx_hal_tim.o
 .debug_abbrev  0x0000000000002917      0x265 ./Drivers/STM32F4xx_HAL_Driver/Src/stm32f4xx_hal_tim_ex.o
 .debug_abbrev  0x0000000000002b7c      0x2f4 ./Drivers/STM32F4xx_HAL_Driver/Src/stm32f4xx_hal_uart.o

.debug_aranges  0x0000000000000000     0x13b8
 .debug_aranges
                0x0000000000000000       0x38 ./Core/Src/button.o
 .debug_aranges
                0x0000000000000038       0x58 ./Core/Src/display.o
 .debug_aranges
                0x0000000000000090       0x38 ./Core/Src/encoder.o
 .debug_aranges
                0x00000000000000c8       0x50 ./Core/Src/gfx.o
 .debug_aranges
                0x0000000000000118       0x18 ./Core/Src/img.o
 .debug_aranges
                0x0000000000000130       0x60 ./Core/Src/init.o
 .debug_aranges
                0x0000000000000190       0x38 ./Core/Src/led.o
 .debug_aranges
                0x00000000000001c8       0x20 ./Core/Src/main.o
 .debug_aranges
                0x00000000000001e8       0x30 ./Core/Src/pot.o
 .debug_aranges
                0x0000000000000218       0x70 ./Core/Src/stm32f4xx_hal_msp.o
 .debug_aranges
                0x0000000000000288       0x70 ./Core/Src/stm32f4xx_it.o
 .debug_aranges
                0x00000000000002f8       0x28 ./Core/Src/system_stm32f4xx.o
 .debug_aranges
                0x0000000000000320       0x28 ./Core/Src/timer.o
 .debug_aranges
                0x0000000000000348       0x58 ./Core/Src/ui.o
 .debug_aranges
                0x00000000000003a0       0x28 ./Core/Startup/startup_stm32f446retx.o
 .debug_aranges
                0x00000000000003c8       0xf0 ./Drivers/STM32F4xx_HAL_Driver/Src/stm32f4xx_hal.o
 .debug_aranges
                0x00000000000004b8       0xe8 ./Drivers/STM32F4xx_HAL_Driver/Src/stm32f4xx_hal_adc.o
 .debug_aranges
                0x00000000000005a0      0x118 ./Drivers/STM32F4xx_HAL_Driver/Src/stm32f4xx_hal_cortex.o
 .debug_aranges
                0x00000000000006b8       0x58 ./Drivers/STM32F4xx_HAL_Driver/Src/stm32f4xx_hal_gpio.o
 .debug_aranges
                0x0000000000000710      0x2a0 ./Drivers/STM32F4xx_HAL_Driver/Src/stm32f4xx_hal_i2c.o
 .debug_aranges
                0x00000000000009b0       0x88 ./Drivers/STM32F4xx_HAL_Driver/Src/stm32f4xx_hal_rcc.o
 .debug_aranges
                0x0000000000000a38       0x78 ./Drivers/STM32F4xx_HAL_Driver/Src/stm32f4xx_hal_rcc_ex.o
 .debug_aranges
                0x0000000000000ab0      0x1d0 ./Drivers/STM32F4xx_HAL_Driver/Src/stm32f4xx_hal_spi.o
 .debug_aranges
                0x0000000000000c80      0x3d0 ./Drivers/STM32F4xx_HAL_Driver/Src/stm32f4xx_hal_tim.o
 .debug_aranges
                0x0000000000001050      0x168 ./Drivers/STM32F4xx_HAL_Driver/Src/stm32f4xx_hal_tim_ex.o
 .debug_aranges
                0x00000000000011b8      0x200 ./Drivers/STM32F4xx_HAL_Driver/Src/stm32f4xx_hal_uart.o

.debug_ranges   0x0000000000000000     0x1260
 .debug_ranges  0x0000000000000000       0x28 ./Core/Src/button.o
 .debug_ranges  0x0000000000000028       0x48 ./Core/Src/display.o
 .debug_ranges  0x0000000000000070       0x28 ./Core/Src/encoder.o
 .debug_ranges  0x0000000000000098       0x40 ./Core/Src/gfx.o
 .debug_ranges  0x00000000000000d8       0x50 ./Core/Src/init.o
 .debug_ranges  0x0000000000000128       0x28 ./Core/Src/led.o
 .debug_ranges  0x0000000000000150       0x10 ./Core/Src/main.o
 .debug_ranges  0x0000000000000160       0x20 ./Core/Src/pot.o
 .debug_ranges  0x0000000000000180       0x60 ./Core/Src/stm32f4xx_hal_msp.o
 .debug_ranges  0x00000000000001e0       0x60 ./Core/Src/stm32f4xx_it.o
 .debug_ranges  0x0000000000000240       0x18 ./Core/Src/system_stm32f4xx.o
 .debug_ranges  0x0000000000000258       0x18 ./Core/Src/timer.o
 .debug_ranges  0x0000000000000270       0x48 ./Core/Src/ui.o
 .debug_ranges  0x00000000000002b8       0x20 ./Core/Startup/startup_stm32f446retx.o
 .debug_ranges  0x00000000000002d8       0xe0 ./Drivers/STM32F4xx_HAL_Driver/Src/stm32f4xx_hal.o
 .debug_ranges  0x00000000000003b8       0xd8 ./Drivers/STM32F4xx_HAL_Driver/Src/stm32f4xx_hal_adc.o
 .debug_ranges  0x0000000000000490      0x108 ./Drivers/STM32F4xx_HAL_Driver/Src/stm32f4xx_hal_cortex.o
 .debug_ranges  0x0000000000000598       0x48 ./Drivers/STM32F4xx_HAL_Driver/Src/stm32f4xx_hal_gpio.o
 .debug_ranges  0x00000000000005e0      0x2a8 ./Drivers/STM32F4xx_HAL_Driver/Src/stm32f4xx_hal_i2c.o
 .debug_ranges  0x0000000000000888       0x78 ./Drivers/STM32F4xx_HAL_Driver/Src/stm32f4xx_hal_rcc.o
 .debug_ranges  0x0000000000000900       0x68 ./Drivers/STM32F4xx_HAL_Driver/Src/stm32f4xx_hal_rcc_ex.o
 .debug_ranges  0x0000000000000968      0x1c0 ./Drivers/STM32F4xx_HAL_Driver/Src/stm32f4xx_hal_spi.o
 .debug_ranges  0x0000000000000b28      0x3c0 ./Drivers/STM32F4xx_HAL_Driver/Src/stm32f4xx_hal_tim.o
 .debug_ranges  0x0000000000000ee8      0x158 ./Drivers/STM32F4xx_HAL_Driver/Src/stm32f4xx_hal_tim_ex.o
 .debug_ranges  0x0000000000001040      0x220 ./Drivers/STM32F4xx_HAL_Driver/Src/stm32f4xx_hal_uart.o

.debug_macro    0x0000000000000000    0x243ca
 .debug_macro   0x0000000000000000      0x267 ./Core/Src/button.o
 .debug_macro   0x0000000000000267      0xa78 ./Core/Src/button.o
 .debug_macro   0x0000000000000cdf      0x174 ./Core/Src/button.o
 .debug_macro   0x0000000000000e53       0x22 ./Core/Src/button.o
 .debug_macro   0x0000000000000e75       0x8e ./Core/Src/button.o
 .debug_macro   0x0000000000000f03       0x51 ./Core/Src/button.o
 .debug_macro   0x0000000000000f54      0x103 ./Core/Src/button.o
 .debug_macro   0x0000000000001057       0x6a ./Core/Src/button.o
 .debug_macro   0x00000000000010c1      0x1df ./Core/Src/button.o
 .debug_macro   0x00000000000012a0       0x22 ./Core/Src/button.o
 .debug_macro   0x00000000000012c2      0x2ad ./Core/Src/button.o
 .debug_macro   0x000000000000156f       0x2e ./Core/Src/button.o
 .debug_macro   0x000000000000159d       0x28 ./Core/Src/button.o
 .debug_macro   0x00000000000015c5       0x1c ./Core/Src/button.o
 .debug_macro   0x00000000000015e1       0x22 ./Core/Src/button.o
 .debug_macro   0x0000000000001603       0xd9 ./Core/Src/button.o
 .debug_macro   0x00000000000016dc     0x102d ./Core/Src/button.o
 .debug_macro   0x0000000000002709      0x11f ./Core/Src/button.o
 .debug_macro   0x0000000000002828    0x16749 ./Core/Src/button.o
 .debug_macro   0x0000000000018f71       0x6d ./Core/Src/button.o
 .debug_macro   0x0000000000018fde     0x367e ./Core/Src/button.o
 .debug_macro   0x000000000001c65c       0x5c ./Core/Src/button.o
 .debug_macro   0x000000000001c6b8      0xc90 ./Core/Src/button.o
 .debug_macro   0x000000000001d348      0x9fe ./Core/Src/button.o
 .debug_macro   0x000000000001dd46      0x115 ./Core/Src/button.o
 .debug_macro   0x000000000001de5b      0x1a0 ./Core/Src/button.o
 .debug_macro   0x000000000001dffb       0xa5 ./Core/Src/button.o
 .debug_macro   0x000000000001e0a0      0x16d ./Core/Src/button.o
 .debug_macro   0x000000000001e20d      0x287 ./Core/Src/button.o
 .debug_macro   0x000000000001e494       0x5f ./Core/Src/button.o
 .debug_macro   0x000000000001e4f3      0x236 ./Core/Src/button.o
 .debug_macro   0x000000000001e729      0xb5b ./Core/Src/button.o
 .debug_macro   0x000000000001f284      0x38b ./Core/Src/button.o
 .debug_macro   0x000000000001f60f      0x17d ./Core/Src/button.o
 .debug_macro   0x000000000001f78c       0xf9 ./Core/Src/button.o
 .debug_macro   0x000000000001f885      0x132 ./Core/Src/button.o
 .debug_macro   0x000000000001f9b7      0x29c ./Core/Src/button.o
 .debug_macro   0x000000000001fc53       0x2e ./Core/Src/button.o
 .debug_macro   0x000000000001fc81      0x1b5 ./Core/Src/button.o
 .debug_macro   0x000000000001fe36       0x22 ./Core/Src/button.o
 .debug_macro   0x000000000001fe58       0xd6 ./Core/Src/button.o
 .debug_macro   0x000000000001ff2e      0x11a ./Core/Src/button.o
 .debug_macro   0x0000000000020048       0xe8 ./Core/Src/button.o
 .debug_macro   0x0000000000020130       0x89 ./Core/Src/button.o
 .debug_macro   0x00000000000201b9      0x225 ./Core/Src/button.o
 .debug_macro   0x00000000000203de      0x8e6 ./Core/Src/button.o
 .debug_macro   0x0000000000020cc4       0x4d ./Core/Src/button.o
 .debug_macro   0x0000000000020d11      0x295 ./Core/Src/button.o
 .debug_macro   0x0000000000020fa6      0x126 ./Core/Src/button.o
 .debug_macro   0x00000000000210cc       0x94 ./Core/Src/button.o
 .debug_macro   0x0000000000021160       0x16 ./Core/Src/button.o
 .debug_macro   0x0000000000021176       0x34 ./Core/Src/button.o
 .debug_macro   0x00000000000211aa      0x23b ./Core/Src/display.o
 .debug_macro   0x00000000000213e5      0x232 ./Core/Src/encoder.o
 .debug_macro   0x0000000000021617      0x279 ./Core/Src/gfx.o
 .debug_macro   0x0000000000021890       0x6c ./Core/Src/img.o
 .debug_macro   0x00000000000218fc      0x232 ./Core/Src/init.o
 .debug_macro   0x0000000000021b2e      0x232 ./Core/Src/led.o
 .debug_macro   0x0000000000021d60      0x2b1 ./Core/Src/main.o
 .debug_macro   0x0000000000022011      0x250 ./Core/Src/pot.o
 .debug_macro   0x0000000000022261      0x228 ./Core/Src/stm32f4xx_hal_msp.o
 .debug_macro   0x0000000000022489      0x232 ./Core/Src/stm32f4xx_it.o
 .debug_macro   0x00000000000226bb      0x219 ./Core/Src/system_stm32f4xx.o
 .debug_macro   0x00000000000228d4      0x263 ./Core/Src/timer.o
 .debug_macro   0x0000000000022b37       0x9d ./Core/Src/ui.o
 .debug_macro   0x0000000000022bd4      0x279 ./Drivers/STM32F4xx_HAL_Driver/Src/stm32f4xx_hal.o
 .debug_macro   0x0000000000022e4d      0x21a ./Drivers/STM32F4xx_HAL_Driver/Src/stm32f4xx_hal_adc.o
 .debug_macro   0x0000000000023067      0x219 ./Drivers/STM32F4xx_HAL_Driver/Src/stm32f4xx_hal_cortex.o
 .debug_macro   0x0000000000023280      0x21f ./Drivers/STM32F4xx_HAL_Driver/Src/stm32f4xx_hal_gpio.o
 .debug_macro   0x000000000002349f      0x260 ./Drivers/STM32F4xx_HAL_Driver/Src/stm32f4xx_hal_i2c.o
 .debug_macro   0x00000000000236ff      0x23d ./Drivers/STM32F4xx_HAL_Driver/Src/stm32f4xx_hal_rcc.o
 .debug_macro   0x000000000002393c      0x219 ./Drivers/STM32F4xx_HAL_Driver/Src/stm32f4xx_hal_rcc_ex.o
 .debug_macro   0x0000000000023b55      0x228 ./Drivers/STM32F4xx_HAL_Driver/Src/stm32f4xx_hal_spi.o
 .debug_macro   0x0000000000023d7d      0x21a ./Drivers/STM32F4xx_HAL_Driver/Src/stm32f4xx_hal_tim.o
 .debug_macro   0x0000000000023f97      0x219 ./Drivers/STM32F4xx_HAL_Driver/Src/stm32f4xx_hal_tim_ex.o
 .debug_macro   0x00000000000241b0      0x21a ./Drivers/STM32F4xx_HAL_Driver/Src/stm32f4xx_hal_uart.o

.debug_line     0x0000000000000000    0x197b3
 .debug_line    0x0000000000000000      0x824 ./Core/Src/button.o
 .debug_line    0x0000000000000824      0x8b0 ./Core/Src/display.o
 .debug_line    0x00000000000010d4      0x7fc ./Core/Src/encoder.o
 .debug_line    0x00000000000018d0      0x9d7 ./Core/Src/gfx.o
 .debug_line    0x00000000000022a7      0x383 ./Core/Src/img.o
 .debug_line    0x000000000000262a      0x9ac ./Core/Src/init.o
 .debug_line    0x0000000000002fd6      0x7b0 ./Core/Src/led.o
 .debug_line    0x0000000000003786      0x7db ./Core/Src/main.o
 .debug_line    0x0000000000003f61      0x7df ./Core/Src/pot.o
 .debug_line    0x0000000000004740      0x902 ./Core/Src/stm32f4xx_hal_msp.o
 .debug_line    0x0000000000005042      0x845 ./Core/Src/stm32f4xx_it.o
 .debug_line    0x0000000000005887      0x7d4 ./Core/Src/system_stm32f4xx.o
 .debug_line    0x000000000000605b      0x7c7 ./Core/Src/timer.o
 .debug_line    0x0000000000006822      0x490 ./Core/Src/ui.o
 .debug_line    0x0000000000006cb2       0x88 ./Core/Startup/startup_stm32f446retx.o
 .debug_line    0x0000000000006d3a      0xa3a ./Drivers/STM32F4xx_HAL_Driver/Src/stm32f4xx_hal.o
 .debug_line    0x0000000000007774     0x12b6 ./Drivers/STM32F4xx_HAL_Driver/Src/stm32f4xx_hal_adc.o
 .debug_line    0x0000000000008a2a      0xce9 ./Drivers/STM32F4xx_HAL_Driver/Src/stm32f4xx_hal_cortex.o
 .debug_line    0x0000000000009713      0xb9a ./Drivers/STM32F4xx_HAL_Driver/Src/stm32f4xx_hal_gpio.o
 .debug_line    0x000000000000a2ad     0x39ef ./Drivers/STM32F4xx_HAL_Driver/Src/stm32f4xx_hal_i2c.o
 .debug_line    0x000000000000dc9c      0xdc2 ./Drivers/STM32F4xx_HAL_Driver/Src/stm32f4xx_hal_rcc.o
 .debug_line    0x000000000000ea5e     0x144d ./Drivers/STM32F4xx_HAL_Driver/Src/stm32f4xx_hal_rcc_ex.o
 .debug_line    0x000000000000feab     0x1cc4 ./Drivers/STM32F4xx_HAL_Driver/Src/stm32f4xx_hal_spi.o
 .debug_line    0x0000000000011b6f     0x372e ./Drivers/STM32F4xx_HAL_Driver/Src/stm32f4xx_hal_tim.o
 .debug_line    0x000000000001529d     0x1a37 ./Drivers/STM32F4xx_HAL_Driver/Src/stm32f4xx_hal_tim_ex.o
 .debug_line    0x0000000000016cd4     0x2adf ./Drivers/STM32F4xx_HAL_Driver/Src/stm32f4xx_hal_uart.o

.debug_str      0x0000000000000000    0xde3fa
 .debug_str     0x0000000000000000    0xd8697 ./Core/Src/button.o
                                      0xd8922 (size before relaxing)
 .debug_str     0x00000000000d8697      0x85b ./Core/Src/display.o
                                      0xd8f0a (size before relaxing)
 .debug_str     0x00000000000d8ef2       0xbf ./Core/Src/encoder.o
                                      0xd8700 (size before relaxing)
 .debug_str     0x00000000000d8fb1      0x17c ./Core/Src/gfx.o
                                      0xd8c00 (size before relaxing)
 .debug_str     0x00000000000d912d       0x44 ./Core/Src/img.o
                                       0x3c83 (size before relaxing)
 .debug_str     0x00000000000d9171      0xc53 ./Core/Src/init.o
                                      0xd97f8 (size before relaxing)
 .debug_str     0x00000000000d9dc4       0x44 ./Core/Src/led.o
                                      0xd86f1 (size before relaxing)
 .debug_str     0x00000000000d9e08       0x8d ./Core/Src/main.o
                                      0xd8b9b (size before relaxing)
 .debug_str     0x00000000000d9e95      0x10a ./Core/Src/pot.o
                                      0xd8c0a (size before relaxing)
 .debug_str     0x00000000000d9f9f      0x676 ./Core/Src/stm32f4xx_hal_msp.o
                                      0xd9a9d (size before relaxing)
 .debug_str     0x00000000000da615       0xea ./Core/Src/stm32f4xx_it.o
                                      0xd8be3 (size before relaxing)
 .debug_str     0x00000000000da6ff       0xdb ./Core/Src/system_stm32f4xx.o
                                      0xd85a1 (size before relaxing)
 .debug_str     0x00000000000da7da       0xdb ./Core/Src/timer.o
                                      0xd8b60 (size before relaxing)
 .debug_str     0x00000000000da8b5      0x10c ./Core/Src/ui.o
                                       0x3f28 (size before relaxing)
 .debug_str     0x00000000000da9c1       0x36 ./Core/Startup/startup_stm32f446retx.o
                                         0x71 (size before relaxing)
 .debug_str     0x00000000000da9f7      0x5e6 ./Drivers/STM32F4xx_HAL_Driver/Src/stm32f4xx_hal.o
                                      0xd9166 (size before relaxing)
 .debug_str     0x00000000000dafdd      0x27d ./Drivers/STM32F4xx_HAL_Driver/Src/stm32f4xx_hal_adc.o
                                      0xd8b69 (size before relaxing)
 .debug_str     0x00000000000db25a      0x326 ./Drivers/STM32F4xx_HAL_Driver/Src/stm32f4xx_hal_cortex.o
                                      0xd8e74 (size before relaxing)
 .debug_str     0x00000000000db580       0xf8 ./Drivers/STM32F4xx_HAL_Driver/Src/stm32f4xx_hal_gpio.o
                                      0xd871c (size before relaxing)
 .debug_str     0x00000000000db678      0xae9 ./Drivers/STM32F4xx_HAL_Driver/Src/stm32f4xx_hal_i2c.o
                                      0xd954c (size before relaxing)
 .debug_str     0x00000000000dc161      0x213 ./Drivers/STM32F4xx_HAL_Driver/Src/stm32f4xx_hal_rcc.o
                                      0xd89da (size before relaxing)
 .debug_str     0x00000000000dc374      0x324 ./Drivers/STM32F4xx_HAL_Driver/Src/stm32f4xx_hal_rcc_ex.o
                                      0xd8a0d (size before relaxing)
 .debug_str     0x00000000000dc698      0x541 ./Drivers/STM32F4xx_HAL_Driver/Src/stm32f4xx_hal_spi.o
                                      0xd8e40 (size before relaxing)
 .debug_str     0x00000000000dcbd9      0xda0 ./Drivers/STM32F4xx_HAL_Driver/Src/stm32f4xx_hal_tim.o
                                      0xd98f6 (size before relaxing)
 .debug_str     0x00000000000dd979      0x493 ./Drivers/STM32F4xx_HAL_Driver/Src/stm32f4xx_hal_tim_ex.o
                                      0xd9112 (size before relaxing)
 .debug_str     0x00000000000dde0c      0x5ee ./Drivers/STM32F4xx_HAL_Driver/Src/stm32f4xx_hal_uart.o
                                      0xd8f4f (size before relaxing)

.comment        0x0000000000000000       0x50
 .comment       0x0000000000000000       0x50 ./Core/Src/button.o
                                         0x51 (size before relaxing)
 .comment       0x0000000000000050       0x51 ./Core/Src/display.o
 .comment       0x0000000000000050       0x51 ./Core/Src/encoder.o
 .comment       0x0000000000000050       0x51 ./Core/Src/gfx.o
 .comment       0x0000000000000050       0x51 ./Core/Src/img.o
 .comment       0x0000000000000050       0x51 ./Core/Src/init.o
 .comment       0x0000000000000050       0x51 ./Core/Src/led.o
 .comment       0x0000000000000050       0x51 ./Core/Src/main.o
 .comment       0x0000000000000050       0x51 ./Core/Src/pot.o
 .comment       0x0000000000000050       0x51 ./Core/Src/stm32f4xx_hal_msp.o
 .comment       0x0000000000000050       0x51 ./Core/Src/stm32f4xx_it.o
 .comment       0x0000000000000050       0x51 ./Core/Src/system_stm32f4xx.o
 .comment       0x0000000000000050       0x51 ./Core/Src/timer.o
 .comment       0x0000000000000050       0x51 ./Core/Src/ui.o
 .comment       0x0000000000000050       0x51 ./Drivers/STM32F4xx_HAL_Driver/Src/stm32f4xx_hal.o
 .comment       0x0000000000000050       0x51 ./Drivers/STM32F4xx_HAL_Driver/Src/stm32f4xx_hal_adc.o
 .comment       0x0000000000000050       0x51 ./Drivers/STM32F4xx_HAL_Driver/Src/stm32f4xx_hal_cortex.o
 .comment       0x0000000000000050       0x51 ./Drivers/STM32F4xx_HAL_Driver/Src/stm32f4xx_hal_gpio.o
 .comment       0x0000000000000050       0x51 ./Drivers/STM32F4xx_HAL_Driver/Src/stm32f4xx_hal_i2c.o
 .comment       0x0000000000000050       0x51 ./Drivers/STM32F4xx_HAL_Driver/Src/stm32f4xx_hal_rcc.o
 .comment       0x0000000000000050       0x51 ./Drivers/STM32F4xx_HAL_Driver/Src/stm32f4xx_hal_rcc_ex.o
 .comment       0x0000000000000050       0x51 ./Drivers/STM32F4xx_HAL_Driver/Src/stm32f4xx_hal_spi.o
 .comment       0x0000000000000050       0x51 ./Drivers/STM32F4xx_HAL_Driver/Src/stm32f4xx_hal_tim.o
 .comment       0x0000000000000050       0x51 ./Drivers/STM32F4xx_HAL_Driver/Src/stm32f4xx_hal_tim_ex.o
 .comment       0x0000000000000050       0x51 ./Drivers/STM32F4xx_HAL_Driver/Src/stm32f4xx_hal_uart.o

.debug_frame    0x0000000000000000     0x5248
 .debug_frame   0x0000000000000000       0xa8 ./Core/Src/button.o
 .debug_frame   0x00000000000000a8      0x124 ./Core/Src/display.o
 .debug_frame   0x00000000000001cc       0xac ./Core/Src/encoder.o
 .debug_frame   0x0000000000000278      0x118 ./Core/Src/gfx.o
 .debug_frame   0x0000000000000390      0x130 ./Core/Src/init.o
 .debug_frame   0x00000000000004c0       0x98 ./Core/Src/led.o
 .debug_frame   0x0000000000000558       0x2c ./Core/Src/main.o
 .debug_frame   0x0000000000000584       0x84 ./Core/Src/pot.o
 .debug_frame   0x0000000000000608      0x19c ./Core/Src/stm32f4xx_hal_msp.o
 .debug_frame   0x00000000000007a4      0x13c ./Core/Src/stm32f4xx_it.o
 .debug_frame   0x00000000000008e0       0x58 ./Core/Src/system_stm32f4xx.o
 .debug_frame   0x0000000000000938       0x50 ./Core/Src/timer.o
 .debug_frame   0x0000000000000988      0x13c ./Core/Src/ui.o
 .debug_frame   0x0000000000000ac4      0x374 ./Drivers/STM32F4xx_HAL_Driver/Src/stm32f4xx_hal.o
 .debug_frame   0x0000000000000e38      0x3fc ./Drivers/STM32F4xx_HAL_Driver/Src/stm32f4xx_hal_adc.o
 .debug_frame   0x0000000000001234      0x498 ./Drivers/STM32F4xx_HAL_Driver/Src/stm32f4xx_hal_cortex.o
 .debug_frame   0x00000000000016cc      0x14c ./Drivers/STM32F4xx_HAL_Driver/Src/stm32f4xx_hal_gpio.o
 .debug_frame   0x0000000000001818      0xc5c ./Drivers/STM32F4xx_HAL_Driver/Src/stm32f4xx_hal_i2c.o
 .debug_frame   0x0000000000002474      0x1f4 ./Drivers/STM32F4xx_HAL_Driver/Src/stm32f4xx_hal_rcc.o
 .debug_frame   0x0000000000002668      0x1e8 ./Drivers/STM32F4xx_HAL_Driver/Src/stm32f4xx_hal_rcc_ex.o
 .debug_frame   0x0000000000002850      0x824 ./Drivers/STM32F4xx_HAL_Driver/Src/stm32f4xx_hal_spi.o
 .debug_frame   0x0000000000003074     0x11c4 ./Drivers/STM32F4xx_HAL_Driver/Src/stm32f4xx_hal_tim.o
 .debug_frame   0x0000000000004238      0x638 ./Drivers/STM32F4xx_HAL_Driver/Src/stm32f4xx_hal_tim_ex.o
 .debug_frame   0x0000000000004870      0x92c ./Drivers/STM32F4xx_HAL_Driver/Src/stm32f4xx_hal_uart.o
 .debug_frame   0x000000000000519c       0x2c c:/st/stm32cubeide_1.11.0/stm32cubeide/plugins/com.st.stm32cube.ide.mcu.externaltools.gnu-tools-for-stm32.10.3-2021.10.win32_1.0.100.202210260954/tools/bin/../lib/gcc/arm-none-eabi/10.3.1/../../../../arm-none-eabi/lib/thumb/v7e-m+fp/hard\libc_nano.a(lib_a-init.o)
 .debug_frame   0x00000000000051c8       0x20 c:/st/stm32cubeide_1.11.0/stm32cubeide/plugins/com.st.stm32cube.ide.mcu.externaltools.gnu-tools-for-stm32.10.3-2021.10.win32_1.0.100.202210260954/tools/bin/../lib/gcc/arm-none-eabi/10.3.1/../../../../arm-none-eabi/lib/thumb/v7e-m+fp/hard\libc_nano.a(lib_a-memset.o)
 .debug_frame   0x00000000000051e8       0x2c c:/st/stm32cubeide_1.11.0/stm32cubeide/plugins/com.st.stm32cube.ide.mcu.externaltools.gnu-tools-for-stm32.10.3-2021.10.win32_1.0.100.202210260954/tools/bin/../lib/gcc/arm-none-eabi/10.3.1/thumb/v7e-m+fp/hard\libgcc.a(_aeabi_uldivmod.o)
 .debug_frame   0x0000000000005214       0x34 c:/st/stm32cubeide_1.11.0/stm32cubeide/plugins/com.st.stm32cube.ide.mcu.externaltools.gnu-tools-for-stm32.10.3-2021.10.win32_1.0.100.202210260954/tools/bin/../lib/gcc/arm-none-eabi/10.3.1/thumb/v7e-m+fp/hard\libgcc.a(_udivmoddi4.o)
